

================================================================
== Vivado HLS Report for 'p_hash'
================================================================
* Date:           Sat Feb 20 20:54:04 2021

* Version:        2018.3 (Build 2405991 on Thu Dec 06 23:56:15 MST 2018)
* Project:        sha256_hls
* Solution:       solution1
* Product family: zynq
* Target device:  xc7z020clg400-1


================================================================
== Performance Estimates
================================================================
+ Timing (ns): 
    * Summary: 
    +--------+-------+----------+------------+
    |  Clock | Target| Estimated| Uncertainty|
    +--------+-------+----------+------------+
    |ap_clk  |  10.00|     8.742|        1.25|
    +--------+-------+----------+------------+

+ Latency (clock cycles): 
    * Summary: 
    +-----+-----+-----+-----+----------+
    |  Latency  |  Interval | Pipeline |
    | min | max | min | max |   Type   |
    +-----+-----+-----+-----+----------+
    |   98|   98|   48|   48| function |
    +-----+-----+-----+-----+----------+

    + Detail: 
        * Instance: 
        +-------------------+--------+-----+-----+-----+-----+----------+
        |                   |        |  Latency  |  Interval | Pipeline |
        |      Instance     | Module | min | max | min | max |   Type   |
        +-------------------+--------+-----+-----+-----+-----+----------+
        |grp_p_word_fu_244  |p_word  |    2|    2|    2|    2| function |
        |grp_p_Ch_fu_267    |p_Ch    |    0|    0|    1|    1| function |
        |grp_p_Ch_fu_277    |p_Ch    |    0|    0|    1|    1| function |
        |grp_p_Ma_fu_284    |p_Ma    |    0|    0|    1|    1| function |
        |grp_p_Ma_fu_294    |p_Ma    |    0|    0|    1|    1| function |
        |grp_p_S1_fu_301    |p_S1    |    0|    0|    1|    1| function |
        |grp_p_S1_fu_307    |p_S1    |    0|    0|    1|    1| function |
        |grp_p_S0_fu_312    |p_S0    |    0|    0|    1|    1| function |
        |grp_p_S0_fu_318    |p_S0    |    0|    0|    1|    1| function |
        |grp_p_G0_fu_323    |p_G0    |    0|    0|    1|    1| function |
        |grp_p_G1_fu_329    |p_G1    |    0|    0|    1|    1| function |
        +-------------------+--------+-----+-----+-----+-----+----------+

        * Loop: 
        N/A



================================================================
== Utilization Estimates
================================================================
* Summary: 
+-----------------+---------+-------+--------+-------+
|       Name      | BRAM_18K| DSP48E|   FF   |  LUT  |
+-----------------+---------+-------+--------+-------+
|DSP              |        -|      -|       -|      -|
|Expression       |        -|      -|       0|  17212|
|FIFO             |        -|      -|       -|      -|
|Instance         |        -|      -|      26|   1010|
|Memory           |        -|      -|       -|      -|
|Multiplexer      |        -|      -|       -|   3093|
|Register         |        0|      -|   10164|    128|
+-----------------+---------+-------+--------+-------+
|Total            |        0|      0|   10190|  21443|
+-----------------+---------+-------+--------+-------+
|Available        |      280|    220|  106400|  53200|
+-----------------+---------+-------+--------+-------+
|Utilization (%)  |        0|      0|       9|     40|
+-----------------+---------+-------+--------+-------+

+ Detail: 
    * Instance: 
    +-------------------+--------+---------+-------+----+-----+
    |      Instance     | Module | BRAM_18K| DSP48E| FF | LUT |
    +-------------------+--------+---------+-------+----+-----+
    |grp_p_Ch_fu_267    |p_Ch    |        0|      0|   0|  128|
    |grp_p_Ch_fu_277    |p_Ch    |        0|      0|   0|  128|
    |grp_p_G0_fu_323    |p_G0    |        0|      0|   0|   64|
    |grp_p_G1_fu_329    |p_G1    |        0|      0|   0|   64|
    |grp_p_Ma_fu_284    |p_Ma    |        0|      0|   0|  128|
    |grp_p_Ma_fu_294    |p_Ma    |        0|      0|   0|  128|
    |grp_p_S0_fu_312    |p_S0    |        0|      0|   0|   64|
    |grp_p_S0_fu_318    |p_S0    |        0|      0|   0|   64|
    |grp_p_S1_fu_301    |p_S1    |        0|      0|   0|   64|
    |grp_p_S1_fu_307    |p_S1    |        0|      0|   0|   64|
    |grp_p_word_fu_244  |p_word  |        0|      0|  26|  114|
    +-------------------+--------+---------+-------+----+-----+
    |Total              |        |        0|      0|  26| 1010|
    +-------------------+--------+---------+-------+----+-----+

    * DSP48: 
    N/A

    * Memory: 
    N/A

    * FIFO: 
    N/A

    * Expression: 
    +---------------------------------+----------+-------+---+-----+------------+------------+
    |          Variable Name          | Operation| DSP48E| FF| LUT | Bitwidth P0| Bitwidth P1|
    +---------------------------------+----------+-------+---+-----+------------+------------+
    |W_16_fu_1031_p2                  |     +    |      0|  0|   32|          32|          32|
    |W_17_fu_1102_p2                  |     +    |      0|  0|   32|          32|          32|
    |W_18_fu_1065_p2                  |     +    |      0|  0|   32|          32|          32|
    |W_19_fu_1146_p2                  |     +    |      0|  0|   32|          32|          32|
    |W_20_fu_1076_p2                  |     +    |      0|  0|   32|          32|          32|
    |W_21_fu_1190_p2                  |     +    |      0|  0|   32|          32|          32|
    |W_22_fu_1235_p2                  |     +    |      0|  0|   32|          32|          32|
    |W_23_fu_1279_p2                  |     +    |      0|  0|   32|          32|          32|
    |W_24_fu_1323_p2                  |     +    |      0|  0|   32|          32|          32|
    |W_25_fu_1367_p2                  |     +    |      0|  0|   32|          32|          32|
    |W_26_fu_1411_p2                  |     +    |      0|  0|   32|          32|          32|
    |W_27_fu_1455_p2                  |     +    |      0|  0|   32|          32|          32|
    |W_28_fu_1499_p2                  |     +    |      0|  0|   32|          32|          32|
    |W_29_fu_1543_p2                  |     +    |      0|  0|   32|          32|          32|
    |W_30_fu_1587_p2                  |     +    |      0|  0|   32|          32|          32|
    |W_31_fu_1632_p2                  |     +    |      0|  0|   32|          32|          32|
    |W_32_fu_1676_p2                  |     +    |      0|  0|   32|          32|          32|
    |W_33_fu_1720_p2                  |     +    |      0|  0|   32|          32|          32|
    |W_34_fu_1764_p2                  |     +    |      0|  0|   32|          32|          32|
    |W_35_fu_1808_p2                  |     +    |      0|  0|   32|          32|          32|
    |W_36_fu_1852_p2                  |     +    |      0|  0|   32|          32|          32|
    |W_37_fu_1896_p2                  |     +    |      0|  0|   32|          32|          32|
    |W_38_fu_1940_p2                  |     +    |      0|  0|   32|          32|          32|
    |W_39_fu_1984_p2                  |     +    |      0|  0|   32|          32|          32|
    |W_40_fu_2028_p2                  |     +    |      0|  0|   32|          32|          32|
    |W_41_fu_2072_p2                  |     +    |      0|  0|   32|          32|          32|
    |W_42_fu_2116_p2                  |     +    |      0|  0|   32|          32|          32|
    |W_43_fu_2160_p2                  |     +    |      0|  0|   32|          32|          32|
    |W_44_fu_2209_p2                  |     +    |      0|  0|   32|          32|          32|
    |W_45_fu_2253_p2                  |     +    |      0|  0|   32|          32|          32|
    |W_46_fu_2297_p2                  |     +    |      0|  0|   32|          32|          32|
    |W_47_fu_2341_p2                  |     +    |      0|  0|   32|          32|          32|
    |W_48_fu_2385_p2                  |     +    |      0|  0|   32|          32|          32|
    |W_49_fu_2429_p2                  |     +    |      0|  0|   32|          32|          32|
    |W_50_fu_2473_p2                  |     +    |      0|  0|   32|          32|          32|
    |W_51_fu_2517_p2                  |     +    |      0|  0|   32|          32|          32|
    |W_52_fu_2571_p2                  |     +    |      0|  0|   32|          32|          32|
    |W_53_fu_2619_p2                  |     +    |      0|  0|   32|          32|          32|
    |W_54_fu_2667_p2                  |     +    |      0|  0|   32|          32|          32|
    |W_55_fu_2705_p2                  |     +    |      0|  0|   32|          32|          32|
    |W_56_fu_2745_p2                  |     +    |      0|  0|   32|          32|          32|
    |W_57_fu_2788_p2                  |     +    |      0|  0|   32|          32|          32|
    |W_58_fu_2831_p2                  |     +    |      0|  0|   32|          32|          32|
    |W_59_fu_2870_p2                  |     +    |      0|  0|   32|          32|          32|
    |W_60_fu_2923_p2                  |     +    |      0|  0|   32|          32|          32|
    |W_61_fu_2962_p2                  |     +    |      0|  0|   32|          32|          32|
    |a_1_10_fu_935_p2                 |     +    |      0|  0|   32|          32|          32|
    |a_1_11_fu_970_p2                 |     +    |      0|  0|   32|          32|          32|
    |a_1_12_fu_1005_p2                |     +    |      0|  0|   32|          32|          32|
    |a_1_13_fu_1055_p2                |     +    |      0|  0|   32|          32|          32|
    |a_1_14_fu_1126_p2                |     +    |      0|  0|   32|          32|          32|
    |a_1_1_fu_585_p2                  |     +    |      0|  0|   32|          32|          32|
    |a_1_2_fu_620_p2                  |     +    |      0|  0|   32|          32|          32|
    |a_1_3_fu_655_p2                  |     +    |      0|  0|   32|          32|          32|
    |a_1_4_fu_690_p2                  |     +    |      0|  0|   32|          32|          32|
    |a_1_5_fu_725_p2                  |     +    |      0|  0|   32|          32|          32|
    |a_1_6_fu_760_p2                  |     +    |      0|  0|   32|          32|          32|
    |a_1_7_fu_795_p2                  |     +    |      0|  0|   32|          32|          32|
    |a_1_8_fu_830_p2                  |     +    |      0|  0|   32|          32|          32|
    |a_1_9_fu_865_p2                  |     +    |      0|  0|   32|          32|          32|
    |a_1_fu_550_p2                    |     +    |      0|  0|   32|          32|          32|
    |a_1_s_fu_900_p2                  |     +    |      0|  0|   32|          32|          32|
    |a_2_10_fu_1656_p2                |     +    |      0|  0|   32|          32|          32|
    |a_2_11_fu_1700_p2                |     +    |      0|  0|   32|          32|          32|
    |a_2_12_fu_1744_p2                |     +    |      0|  0|   32|          32|          32|
    |a_2_13_fu_1788_p2                |     +    |      0|  0|   32|          32|          32|
    |a_2_14_fu_1832_p2                |     +    |      0|  0|   32|          32|          32|
    |a_2_15_fu_1876_p2                |     +    |      0|  0|   32|          32|          32|
    |a_2_16_fu_1920_p2                |     +    |      0|  0|   32|          32|          32|
    |a_2_17_fu_1964_p2                |     +    |      0|  0|   32|          32|          32|
    |a_2_18_fu_2008_p2                |     +    |      0|  0|   32|          32|          32|
    |a_2_19_fu_2052_p2                |     +    |      0|  0|   32|          32|          32|
    |a_2_1_fu_1214_p2                 |     +    |      0|  0|   32|          32|          32|
    |a_2_20_fu_2096_p2                |     +    |      0|  0|   32|          32|          32|
    |a_2_21_fu_2140_p2                |     +    |      0|  0|   32|          32|          32|
    |a_2_22_fu_2184_p2                |     +    |      0|  0|   32|          32|          32|
    |a_2_23_fu_2233_p2                |     +    |      0|  0|   32|          32|          32|
    |a_2_24_fu_2277_p2                |     +    |      0|  0|   32|          32|          32|
    |a_2_25_fu_2321_p2                |     +    |      0|  0|   32|          32|          32|
    |a_2_26_fu_2365_p2                |     +    |      0|  0|   32|          32|          32|
    |a_2_27_fu_2409_p2                |     +    |      0|  0|   32|          32|          32|
    |a_2_28_fu_2453_p2                |     +    |      0|  0|   32|          32|          32|
    |a_2_29_fu_2497_p2                |     +    |      0|  0|   32|          32|          32|
    |a_2_2_fu_1259_p2                 |     +    |      0|  0|   32|          32|          32|
    |a_2_30_fu_2541_p2                |     +    |      0|  0|   32|          32|          32|
    |a_2_31_fu_2599_p2                |     +    |      0|  0|   32|          32|          32|
    |a_2_32_fu_2647_p2                |     +    |      0|  0|   32|          32|          32|
    |a_2_33_fu_2695_p2                |     +    |      0|  0|   32|          32|          32|
    |a_2_34_fu_2729_p2                |     +    |      0|  0|   32|          32|          32|
    |a_2_35_fu_2772_p2                |     +    |      0|  0|   32|          32|          32|
    |a_2_36_fu_2815_p2                |     +    |      0|  0|   32|          32|          32|
    |a_2_37_fu_2854_p2                |     +    |      0|  0|   32|          32|          32|
    |a_2_38_fu_2897_p2                |     +    |      0|  0|   32|          32|          32|
    |a_2_39_fu_2946_p2                |     +    |      0|  0|   32|          32|          32|
    |a_2_3_fu_1303_p2                 |     +    |      0|  0|   32|          32|          32|
    |a_2_40_fu_2985_p2                |     +    |      0|  0|   32|          32|          32|
    |a_2_41_fu_3036_p2                |     +    |      0|  0|   32|          32|          32|
    |a_2_42_fu_3087_p2                |     +    |      0|  0|   32|          32|          32|
    |a_2_43_fu_3121_p2                |     +    |      0|  0|   32|          32|          32|
    |a_2_44_fu_3149_p2                |     +    |      0|  0|   32|          32|          32|
    |a_2_45_fu_3183_p2                |     +    |      0|  0|   32|          32|          32|
    |a_2_4_fu_1347_p2                 |     +    |      0|  0|   32|          32|          32|
    |a_2_5_fu_1391_p2                 |     +    |      0|  0|   32|          32|          32|
    |a_2_6_fu_1435_p2                 |     +    |      0|  0|   32|          32|          32|
    |a_2_7_fu_1479_p2                 |     +    |      0|  0|   32|          32|          32|
    |a_2_8_fu_1523_p2                 |     +    |      0|  0|   32|          32|          32|
    |a_2_9_fu_1567_p2                 |     +    |      0|  0|   32|          32|          32|
    |a_2_fu_1170_p2                   |     +    |      0|  0|   32|          32|          32|
    |a_2_s_fu_1611_p2                 |     +    |      0|  0|   32|          32|          32|
    |e_1_10_fu_922_p2                 |     +    |      0|  0|   39|          32|          32|
    |e_1_11_fu_957_p2                 |     +    |      0|  0|   39|          32|          32|
    |e_1_12_fu_992_p2                 |     +    |      0|  0|   39|          32|          32|
    |e_1_13_fu_1042_p2                |     +    |      0|  0|   39|          32|          32|
    |e_1_14_fu_1113_p2                |     +    |      0|  0|   39|          32|          32|
    |e_1_1_fu_572_p2                  |     +    |      0|  0|   39|          32|          32|
    |e_1_2_fu_607_p2                  |     +    |      0|  0|   39|          32|          32|
    |e_1_3_fu_642_p2                  |     +    |      0|  0|   39|          32|          32|
    |e_1_4_fu_677_p2                  |     +    |      0|  0|   39|          32|          32|
    |e_1_5_fu_712_p2                  |     +    |      0|  0|   39|          32|          32|
    |e_1_6_fu_747_p2                  |     +    |      0|  0|   39|          32|          32|
    |e_1_7_fu_782_p2                  |     +    |      0|  0|   39|          32|          32|
    |e_1_8_fu_817_p2                  |     +    |      0|  0|   39|          32|          32|
    |e_1_9_fu_852_p2                  |     +    |      0|  0|   39|          32|          32|
    |e_1_fu_536_p2                    |     +    |      0|  0|   39|          32|          32|
    |e_1_s_fu_887_p2                  |     +    |      0|  0|   39|          32|          32|
    |e_2_10_fu_1643_p2                |     +    |      0|  0|   39|          32|          32|
    |e_2_11_fu_1687_p2                |     +    |      0|  0|   39|          32|          32|
    |e_2_12_fu_1731_p2                |     +    |      0|  0|   39|          32|          32|
    |e_2_13_fu_1775_p2                |     +    |      0|  0|   39|          32|          32|
    |e_2_14_fu_1819_p2                |     +    |      0|  0|   39|          32|          32|
    |e_2_15_fu_1863_p2                |     +    |      0|  0|   39|          32|          32|
    |e_2_16_fu_1907_p2                |     +    |      0|  0|   39|          32|          32|
    |e_2_17_fu_1951_p2                |     +    |      0|  0|   39|          32|          32|
    |e_2_18_fu_1995_p2                |     +    |      0|  0|   39|          32|          32|
    |e_2_19_fu_2039_p2                |     +    |      0|  0|   39|          32|          32|
    |e_2_1_fu_1201_p2                 |     +    |      0|  0|   39|          32|          32|
    |e_2_20_fu_2083_p2                |     +    |      0|  0|   39|          32|          32|
    |e_2_21_fu_2127_p2                |     +    |      0|  0|   39|          32|          32|
    |e_2_22_fu_2171_p2                |     +    |      0|  0|   39|          32|          32|
    |e_2_23_fu_2220_p2                |     +    |      0|  0|   39|          32|          32|
    |e_2_24_fu_2264_p2                |     +    |      0|  0|   39|          32|          32|
    |e_2_25_fu_2308_p2                |     +    |      0|  0|   39|          32|          32|
    |e_2_26_fu_2352_p2                |     +    |      0|  0|   39|          32|          32|
    |e_2_27_fu_2396_p2                |     +    |      0|  0|   39|          32|          32|
    |e_2_28_fu_2440_p2                |     +    |      0|  0|   39|          32|          32|
    |e_2_29_fu_2484_p2                |     +    |      0|  0|   39|          32|          32|
    |e_2_2_fu_1246_p2                 |     +    |      0|  0|   39|          32|          32|
    |e_2_30_fu_2528_p2                |     +    |      0|  0|   39|          32|          32|
    |e_2_31_fu_2586_p2                |     +    |      0|  0|   39|          32|          32|
    |e_2_32_fu_2634_p2                |     +    |      0|  0|   39|          32|          32|
    |e_2_33_fu_2682_p2                |     +    |      0|  0|   39|          32|          32|
    |e_2_34_fu_2716_p2                |     +    |      0|  0|   39|          32|          32|
    |e_2_35_fu_2759_p2                |     +    |      0|  0|   39|          32|          32|
    |e_2_36_fu_2802_p2                |     +    |      0|  0|   39|          32|          32|
    |e_2_37_fu_2841_p2                |     +    |      0|  0|   39|          32|          32|
    |e_2_38_fu_2884_p2                |     +    |      0|  0|   39|          32|          32|
    |e_2_39_fu_2933_p2                |     +    |      0|  0|   39|          32|          32|
    |e_2_3_fu_1290_p2                 |     +    |      0|  0|   39|          32|          32|
    |e_2_40_fu_2972_p2                |     +    |      0|  0|   39|          32|          32|
    |e_2_41_fu_3023_p2                |     +    |      0|  0|   39|          32|          32|
    |e_2_42_fu_3074_p2                |     +    |      0|  0|   39|          32|          32|
    |e_2_43_fu_3108_p2                |     +    |      0|  0|   39|          32|          32|
    |e_2_44_fu_3136_p2                |     +    |      0|  0|   39|          32|          32|
    |e_2_45_fu_3175_p2                |     +    |      0|  0|   39|          32|          32|
    |e_2_4_fu_1334_p2                 |     +    |      0|  0|   39|          32|          32|
    |e_2_5_fu_1378_p2                 |     +    |      0|  0|   39|          32|          32|
    |e_2_6_fu_1422_p2                 |     +    |      0|  0|   39|          32|          32|
    |e_2_7_fu_1466_p2                 |     +    |      0|  0|   39|          32|          32|
    |e_2_8_fu_1510_p2                 |     +    |      0|  0|   39|          32|          32|
    |e_2_9_fu_1554_p2                 |     +    |      0|  0|   39|          32|          32|
    |e_2_fu_1157_p2                   |     +    |      0|  0|   39|          32|          32|
    |e_2_s_fu_1598_p2                 |     +    |      0|  0|   39|          32|          32|
    |grp_fu_423_p2                    |     +    |      0|  0|   32|          32|          32|
    |grp_fu_429_p2                    |     +    |      0|  0|   32|          32|          32|
    |grp_fu_435_p2                    |     +    |      0|  0|   32|          32|          32|
    |grp_fu_441_p2                    |     +    |      0|  0|   32|          32|          32|
    |grp_fu_447_p2                    |     +    |      0|  0|   32|          32|          32|
    |grp_fu_453_p2                    |     +    |      0|  0|   32|          32|          32|
    |grp_fu_459_p2                    |     +    |      0|  0|   32|          32|          32|
    |grp_fu_465_p2                    |     +    |      0|  0|   32|          32|          32|
    |grp_fu_471_p2                    |     +    |      0|  0|   32|          32|          32|
    |grp_fu_477_p2                    |     +    |      0|  0|   32|          32|          32|
    |grp_fu_483_p2                    |     +    |      0|  0|   32|          32|          32|
    |grp_fu_489_p2                    |     +    |      0|  0|   32|          32|          32|
    |grp_fu_495_p2                    |     +    |      0|  0|   32|          32|          32|
    |grp_fu_501_p2                    |     +    |      0|  0|   32|          32|          32|
    |grp_fu_507_p2                    |     +    |      0|  0|   32|          32|          32|
    |grp_fu_513_p2                    |     +    |      0|  0|   32|          32|          32|
    |sha256hash_0_write_s_fu_3239_p2  |     +    |      0|  0|   32|          32|          32|
    |sha256hash_1_write_s_fu_3190_p2  |     +    |      0|  0|   39|          32|          32|
    |sha256hash_2_write_s_fu_3195_p2  |     +    |      0|  0|   39|          32|          32|
    |sha256hash_3_write_s_fu_3199_p2  |     +    |      0|  0|   39|          32|          32|
    |sha256hash_4_write_s_fu_3249_p2  |     +    |      0|  0|   32|          32|          32|
    |sha256hash_5_write_s_fu_3219_p2  |     +    |      0|  0|   39|          32|          32|
    |sha256hash_6_write_s_fu_3223_p2  |     +    |      0|  0|   39|          32|          32|
    |sha256hash_7_write_s_fu_3227_p2  |     +    |      0|  0|   39|          32|          32|
    |tmp100_fu_1309_p2                |     +    |      0|  0|   32|          32|          30|
    |tmp101_fu_1314_p2                |     +    |      0|  0|   32|          32|          32|
    |tmp102_fu_1341_p2                |     +    |      0|  0|   32|          32|          32|
    |tmp104_fu_1186_p2                |     +    |      0|  0|   39|          32|          32|
    |tmp106_fu_1353_p2                |     +    |      0|  0|   32|          32|          31|
    |tmp107_fu_1358_p2                |     +    |      0|  0|   32|          32|          32|
    |tmp108_fu_1385_p2                |     +    |      0|  0|   32|          32|          32|
    |tmp10_fu_556_p2                  |     +    |      0|  0|   32|          32|          31|
    |tmp110_fu_1230_p2                |     +    |      0|  0|   39|          32|          32|
    |tmp112_fu_1397_p2                |     +    |      0|  0|   32|          32|          31|
    |tmp113_fu_1402_p2                |     +    |      0|  0|   32|          32|          32|
    |tmp114_fu_1429_p2                |     +    |      0|  0|   32|          32|          32|
    |tmp116_fu_1275_p2                |     +    |      0|  0|   39|          32|          32|
    |tmp118_fu_1441_p2                |     +    |      0|  0|   32|          32|          31|
    |tmp119_fu_1446_p2                |     +    |      0|  0|   32|          32|          32|
    |tmp11_fu_579_p2                  |     +    |      0|  0|   32|          32|          32|
    |tmp120_fu_1473_p2                |     +    |      0|  0|   32|          32|          32|
    |tmp122_fu_1319_p2                |     +    |      0|  0|   39|          32|          32|
    |tmp124_fu_1485_p2                |     +    |      0|  0|   32|          32|          32|
    |tmp125_fu_1490_p2                |     +    |      0|  0|   32|          32|          32|
    |tmp126_fu_1517_p2                |     +    |      0|  0|   32|          32|          32|
    |tmp128_fu_1363_p2                |     +    |      0|  0|   39|          32|          32|
    |tmp130_fu_1529_p2                |     +    |      0|  0|   32|          32|          32|
    |tmp131_fu_1534_p2                |     +    |      0|  0|   32|          32|          32|
    |tmp132_fu_1561_p2                |     +    |      0|  0|   32|          32|          32|
    |tmp134_fu_1407_p2                |     +    |      0|  0|   39|          32|          32|
    |tmp136_fu_1573_p2                |     +    |      0|  0|   32|          32|          32|
    |tmp137_fu_1578_p2                |     +    |      0|  0|   32|          32|          32|
    |tmp138_fu_1605_p2                |     +    |      0|  0|   32|          32|          32|
    |tmp140_fu_1451_p2                |     +    |      0|  0|   39|          32|          32|
    |tmp142_fu_1617_p2                |     +    |      0|  0|   32|          32|          32|
    |tmp143_fu_1622_p2                |     +    |      0|  0|   32|          32|          32|
    |tmp144_fu_1650_p2                |     +    |      0|  0|   32|          32|          32|
    |tmp146_fu_1495_p2                |     +    |      0|  0|   39|          32|          32|
    |tmp148_fu_1662_p2                |     +    |      0|  0|   32|          32|          31|
    |tmp149_fu_1667_p2                |     +    |      0|  0|   32|          32|          32|
    |tmp150_fu_1694_p2                |     +    |      0|  0|   32|          32|          32|
    |tmp152_fu_1539_p2                |     +    |      0|  0|   39|          32|          32|
    |tmp154_fu_1706_p2                |     +    |      0|  0|   32|          32|          31|
    |tmp155_fu_1711_p2                |     +    |      0|  0|   32|          32|          32|
    |tmp156_fu_1738_p2                |     +    |      0|  0|   32|          32|          32|
    |tmp158_fu_1583_p2                |     +    |      0|  0|   39|          32|          32|
    |tmp15_fu_597_p2                  |     +    |      0|  0|   32|          32|          32|
    |tmp160_fu_1750_p2                |     +    |      0|  0|   32|          32|          27|
    |tmp161_fu_1755_p2                |     +    |      0|  0|   32|          32|          32|
    |tmp162_fu_1782_p2                |     +    |      0|  0|   32|          32|          32|
    |tmp164_fu_1627_p2                |     +    |      0|  0|   39|          32|          32|
    |tmp166_fu_1794_p2                |     +    |      0|  0|   32|          32|          29|
    |tmp167_fu_1799_p2                |     +    |      0|  0|   32|          32|          32|
    |tmp168_fu_1826_p2                |     +    |      0|  0|   32|          32|          32|
    |tmp16_fu_591_p2                  |     +    |      0|  0|   32|          32|          32|
    |tmp170_fu_1672_p2                |     +    |      0|  0|   39|          32|          32|
    |tmp172_fu_1838_p2                |     +    |      0|  0|   32|          32|          30|
    |tmp173_fu_1843_p2                |     +    |      0|  0|   32|          32|          32|
    |tmp174_fu_1870_p2                |     +    |      0|  0|   32|          32|          32|
    |tmp176_fu_1716_p2                |     +    |      0|  0|   39|          32|          32|
    |tmp178_fu_1882_p2                |     +    |      0|  0|   32|          32|          30|
    |tmp179_fu_1887_p2                |     +    |      0|  0|   32|          32|          32|
    |tmp17_fu_614_p2                  |     +    |      0|  0|   32|          32|          32|
    |tmp180_fu_1914_p2                |     +    |      0|  0|   32|          32|          32|
    |tmp182_fu_1760_p2                |     +    |      0|  0|   39|          32|          32|
    |tmp184_fu_1926_p2                |     +    |      0|  0|   32|          32|          31|
    |tmp185_fu_1931_p2                |     +    |      0|  0|   32|          32|          32|
    |tmp186_fu_1958_p2                |     +    |      0|  0|   32|          32|          32|
    |tmp188_fu_1804_p2                |     +    |      0|  0|   39|          32|          32|
    |tmp190_fu_1970_p2                |     +    |      0|  0|   32|          32|          31|
    |tmp191_fu_1975_p2                |     +    |      0|  0|   32|          32|          32|
    |tmp192_fu_2002_p2                |     +    |      0|  0|   32|          32|          32|
    |tmp194_fu_1848_p2                |     +    |      0|  0|   39|          32|          32|
    |tmp196_fu_2014_p2                |     +    |      0|  0|   32|          32|          31|
    |tmp197_fu_2019_p2                |     +    |      0|  0|   32|          32|          32|
    |tmp198_fu_2046_p2                |     +    |      0|  0|   32|          32|          32|
    |tmp200_fu_1892_p2                |     +    |      0|  0|   39|          32|          32|
    |tmp202_fu_2058_p2                |     +    |      0|  0|   32|          32|          31|
    |tmp203_fu_2063_p2                |     +    |      0|  0|   32|          32|          32|
    |tmp204_fu_2090_p2                |     +    |      0|  0|   32|          32|          32|
    |tmp206_fu_1936_p2                |     +    |      0|  0|   39|          32|          32|
    |tmp208_fu_2102_p2                |     +    |      0|  0|   32|          32|          32|
    |tmp209_fu_2107_p2                |     +    |      0|  0|   32|          32|          32|
    |tmp210_fu_2134_p2                |     +    |      0|  0|   32|          32|          32|
    |tmp212_fu_1980_p2                |     +    |      0|  0|   39|          32|          32|
    |tmp214_fu_2146_p2                |     +    |      0|  0|   32|          32|          32|
    |tmp215_fu_2151_p2                |     +    |      0|  0|   32|          32|          32|
    |tmp216_fu_2178_p2                |     +    |      0|  0|   32|          32|          32|
    |tmp218_fu_2024_p2                |     +    |      0|  0|   39|          32|          32|
    |tmp21_fu_632_p2                  |     +    |      0|  0|   32|          32|          32|
    |tmp220_fu_2190_p2                |     +    |      0|  0|   32|          32|          32|
    |tmp221_fu_2195_p2                |     +    |      0|  0|   32|          32|          32|
    |tmp222_fu_2227_p2                |     +    |      0|  0|   32|          32|          32|
    |tmp224_fu_2068_p2                |     +    |      0|  0|   39|          32|          32|
    |tmp226_fu_2239_p2                |     +    |      0|  0|   32|          32|          32|
    |tmp227_fu_2244_p2                |     +    |      0|  0|   32|          32|          32|
    |tmp228_fu_2271_p2                |     +    |      0|  0|   32|          32|          32|
    |tmp22_fu_626_p2                  |     +    |      0|  0|   32|          32|          30|
    |tmp230_fu_2112_p2                |     +    |      0|  0|   39|          32|          32|
    |tmp232_fu_2283_p2                |     +    |      0|  0|   32|          32|          31|
    |tmp233_fu_2288_p2                |     +    |      0|  0|   32|          32|          32|
    |tmp234_fu_2315_p2                |     +    |      0|  0|   32|          32|          32|
    |tmp236_fu_2156_p2                |     +    |      0|  0|   39|          32|          32|
    |tmp238_fu_2327_p2                |     +    |      0|  0|   32|          32|          31|
    |tmp239_fu_2332_p2                |     +    |      0|  0|   32|          32|          32|
    |tmp23_fu_649_p2                  |     +    |      0|  0|   32|          32|          32|
    |tmp240_fu_2359_p2                |     +    |      0|  0|   32|          32|          32|
    |tmp241_fu_2200_p2                |     +    |      0|  0|   32|          32|          32|
    |tmp242_fu_2205_p2                |     +    |      0|  0|   39|          32|          32|
    |tmp244_fu_2371_p2                |     +    |      0|  0|   32|          32|          31|
    |tmp245_fu_2376_p2                |     +    |      0|  0|   32|          32|          32|
    |tmp246_fu_2403_p2                |     +    |      0|  0|   32|          32|          32|
    |tmp248_fu_2249_p2                |     +    |      0|  0|   39|          32|          32|
    |tmp250_fu_2415_p2                |     +    |      0|  0|   32|          32|          31|
    |tmp251_fu_2420_p2                |     +    |      0|  0|   32|          32|          32|
    |tmp252_fu_2447_p2                |     +    |      0|  0|   32|          32|          32|
    |tmp254_fu_2293_p2                |     +    |      0|  0|   39|          32|          32|
    |tmp256_fu_2459_p2                |     +    |      0|  0|   32|          32|          29|
    |tmp257_fu_2464_p2                |     +    |      0|  0|   32|          32|          32|
    |tmp258_fu_2491_p2                |     +    |      0|  0|   32|          32|          32|
    |tmp260_fu_2337_p2                |     +    |      0|  0|   39|          32|          32|
    |tmp262_fu_2503_p2                |     +    |      0|  0|   32|          32|          29|
    |tmp263_fu_2508_p2                |     +    |      0|  0|   32|          32|          32|
    |tmp264_fu_2535_p2                |     +    |      0|  0|   32|          32|          32|
    |tmp266_fu_2381_p2                |     +    |      0|  0|   39|          32|          32|
    |tmp268_fu_2547_p2                |     +    |      0|  0|   32|          32|          29|
    |tmp269_fu_2552_p2                |     +    |      0|  0|   32|          32|          32|
    |tmp270_fu_2593_p2                |     +    |      0|  0|   32|          32|          32|
    |tmp272_fu_2425_p2                |     +    |      0|  0|   39|          32|          32|
    |tmp274_fu_2557_p2                |     +    |      0|  0|   32|          32|          29|
    |tmp275_fu_2562_p2                |     +    |      0|  0|   32|          32|          32|
    |tmp276_fu_2641_p2                |     +    |      0|  0|   32|          32|          32|
    |tmp278_fu_2469_p2                |     +    |      0|  0|   39|          32|          32|
    |tmp27_fu_667_p2                  |     +    |      0|  0|   32|          32|          32|
    |tmp280_fu_2605_p2                |     +    |      0|  0|   32|          32|          30|
    |tmp281_fu_2610_p2                |     +    |      0|  0|   32|          32|          32|
    |tmp282_fu_2689_p2                |     +    |      0|  0|   32|          32|          32|
    |tmp284_fu_2513_p2                |     +    |      0|  0|   39|          32|          32|
    |tmp286_fu_2653_p2                |     +    |      0|  0|   32|          32|          30|
    |tmp287_fu_2658_p2                |     +    |      0|  0|   32|          32|          32|
    |tmp288_fu_2723_p2                |     +    |      0|  0|   32|          32|          32|
    |tmp28_fu_684_p2                  |     +    |      0|  0|   32|          32|          32|
    |tmp290_fu_2567_p2                |     +    |      0|  0|   39|          32|          32|
    |tmp292_fu_2735_p2                |     +    |      0|  0|   32|          32|          30|
    |tmp293_fu_2740_p2                |     +    |      0|  0|   32|          32|          32|
    |tmp294_fu_2766_p2                |     +    |      0|  0|   32|          32|          32|
    |tmp296_fu_2615_p2                |     +    |      0|  0|   39|          32|          32|
    |tmp298_fu_2778_p2                |     +    |      0|  0|   32|          32|          31|
    |tmp299_fu_2783_p2                |     +    |      0|  0|   32|          32|          32|
    |tmp300_fu_2809_p2                |     +    |      0|  0|   32|          32|          32|
    |tmp302_fu_2663_p2                |     +    |      0|  0|   39|          32|          32|
    |tmp304_fu_2821_p2                |     +    |      0|  0|   32|          32|          31|
    |tmp305_fu_2826_p2                |     +    |      0|  0|   32|          32|          32|
    |tmp306_fu_2848_p2                |     +    |      0|  0|   32|          32|          32|
    |tmp308_fu_2701_p2                |     +    |      0|  0|   39|          32|          32|
    |tmp30_fu_696_p2                  |     +    |      0|  0|   32|          32|          31|
    |tmp310_fu_2860_p2                |     +    |      0|  0|   32|          32|          31|
    |tmp311_fu_2865_p2                |     +    |      0|  0|   32|          32|          32|
    |tmp312_fu_2891_p2                |     +    |      0|  0|   32|          32|          32|
    |tmp314_fu_2577_p2                |     +    |      0|  0|   39|          32|          32|
    |tmp316_fu_2903_p2                |     +    |      0|  0|   32|          32|          31|
    |tmp317_fu_2908_p2                |     +    |      0|  0|   32|          32|          32|
    |tmp318_fu_2940_p2                |     +    |      0|  0|   32|          32|          32|
    |tmp31_fu_702_p2                  |     +    |      0|  0|   32|          32|          32|
    |tmp320_fu_2625_p2                |     +    |      0|  0|   39|          32|          32|
    |tmp322_fu_2913_p2                |     +    |      0|  0|   32|          32|          31|
    |tmp323_fu_2918_p2                |     +    |      0|  0|   32|          32|          32|
    |tmp324_fu_2979_p2                |     +    |      0|  0|   32|          32|          32|
    |tmp326_fu_2673_p2                |     +    |      0|  0|   39|          32|          32|
    |tmp328_fu_2952_p2                |     +    |      0|  0|   32|          32|          32|
    |tmp329_fu_2957_p2                |     +    |      0|  0|   32|          32|          32|
    |tmp32_fu_719_p2                  |     +    |      0|  0|   32|          32|          32|
    |tmp330_fu_3030_p2                |     +    |      0|  0|   32|          32|          32|
    |tmp332_fu_2750_p2                |     +    |      0|  0|   39|          32|          32|
    |tmp334_fu_2991_p2                |     +    |      0|  0|   32|          32|          32|
    |tmp335_fu_2996_p2                |     +    |      0|  0|   32|          32|          32|
    |tmp336_fu_3081_p2                |     +    |      0|  0|   32|          32|          32|
    |tmp338_fu_2793_p2                |     +    |      0|  0|   39|          32|          32|
    |tmp340_fu_3042_p2                |     +    |      0|  0|   32|          32|          32|
    |tmp341_fu_3047_p2                |     +    |      0|  0|   32|          32|          32|
    |tmp342_fu_3115_p2                |     +    |      0|  0|   32|          32|          32|
    |tmp344_fu_2875_p2                |     +    |      0|  0|   39|          32|          32|
    |tmp346_fu_3093_p2                |     +    |      0|  0|   32|          32|          32|
    |tmp347_fu_3098_p2                |     +    |      0|  0|   32|          32|          32|
    |tmp348_fu_3143_p2                |     +    |      0|  0|   32|          32|          32|
    |tmp349_fu_3159_p2                |     +    |      0|  0|   39|          32|          32|
    |tmp34_fu_731_p2                  |     +    |      0|  0|   32|          32|          32|
    |tmp350_fu_3127_p2                |     +    |      0|  0|   39|          32|          32|
    |tmp351_fu_3165_p2                |     +    |      0|  0|   32|          32|          32|
    |tmp352_fu_3001_p2                |     +    |      0|  0|   32|          32|          32|
    |tmp353_fu_3006_p2                |     +    |      0|  0|   39|          32|          32|
    |tmp354_fu_3012_p2                |     +    |      0|  0|   32|          32|          32|
    |tmp355_fu_3179_p2                |     +    |      0|  0|   32|          32|          32|
    |tmp356_fu_3203_p2                |     +    |      0|  0|   39|          32|          32|
    |tmp357_fu_3155_p2                |     +    |      0|  0|   39|          32|          32|
    |tmp358_fu_3209_p2                |     +    |      0|  0|   32|          32|          32|
    |tmp359_fu_3052_p2                |     +    |      0|  0|   32|          32|          32|
    |tmp35_fu_737_p2                  |     +    |      0|  0|   32|          32|          32|
    |tmp360_fu_3057_p2                |     +    |      0|  0|   39|          32|          31|
    |tmp361_fu_3063_p2                |     +    |      0|  0|   32|          32|          32|
    |tmp362_fu_3231_p2                |     +    |      0|  0|   32|          32|          32|
    |tmp363_fu_3235_p2                |     +    |      0|  0|   39|          32|          32|
    |tmp364_fu_3245_p2                |     +    |      0|  0|   32|          32|          32|
    |tmp36_fu_754_p2                  |     +    |      0|  0|   32|          32|          32|
    |tmp38_fu_766_p2                  |     +    |      0|  0|   32|          32|          32|
    |tmp39_fu_772_p2                  |     +    |      0|  0|   32|          32|          32|
    |tmp3_fu_525_p2                   |     +    |      0|  0|   32|          32|          32|
    |tmp40_fu_789_p2                  |     +    |      0|  0|   32|          32|          32|
    |tmp42_fu_801_p2                  |     +    |      0|  0|   32|          32|          31|
    |tmp43_fu_807_p2                  |     +    |      0|  0|   32|          32|          32|
    |tmp44_fu_824_p2                  |     +    |      0|  0|   32|          32|          32|
    |tmp46_fu_836_p2                  |     +    |      0|  0|   32|          32|          29|
    |tmp47_fu_842_p2                  |     +    |      0|  0|   32|          32|          32|
    |tmp48_fu_859_p2                  |     +    |      0|  0|   32|          32|          32|
    |tmp4_fu_519_p2                   |     +    |      0|  0|   32|          32|          31|
    |tmp50_fu_871_p2                  |     +    |      0|  0|   32|          32|          30|
    |tmp51_fu_877_p2                  |     +    |      0|  0|   32|          32|          32|
    |tmp52_fu_894_p2                  |     +    |      0|  0|   32|          32|          32|
    |tmp54_fu_906_p2                  |     +    |      0|  0|   32|          32|          31|
    |tmp55_fu_912_p2                  |     +    |      0|  0|   32|          32|          32|
    |tmp56_fu_929_p2                  |     +    |      0|  0|   32|          32|          32|
    |tmp58_fu_941_p2                  |     +    |      0|  0|   32|          32|          31|
    |tmp59_fu_947_p2                  |     +    |      0|  0|   32|          32|          32|
    |tmp5_fu_544_p2                   |     +    |      0|  0|   32|          32|          32|
    |tmp60_fu_964_p2                  |     +    |      0|  0|   32|          32|          32|
    |tmp62_fu_976_p2                  |     +    |      0|  0|   32|          32|          32|
    |tmp63_fu_982_p2                  |     +    |      0|  0|   32|          32|          32|
    |tmp64_fu_999_p2                  |     +    |      0|  0|   32|          32|          32|
    |tmp66_fu_1011_p2                 |     +    |      0|  0|   32|          32|          32|
    |tmp67_fu_1017_p2                 |     +    |      0|  0|   32|          32|          32|
    |tmp68_fu_1049_p2                 |     +    |      0|  0|   32|          32|          32|
    |tmp70_fu_1082_p2                 |     +    |      0|  0|   32|          32|          31|
    |tmp71_fu_1088_p2                 |     +    |      0|  0|   32|          32|          32|
    |tmp72_fu_1120_p2                 |     +    |      0|  0|   32|          32|          32|
    |tmp73_fu_1022_p2                 |     +    |      0|  0|   32|          32|          32|
    |tmp74_fu_1027_p2                 |     +    |      0|  0|   39|          32|          32|
    |tmp76_fu_1132_p2                 |     +    |      0|  0|   32|          32|          30|
    |tmp77_fu_1137_p2                 |     +    |      0|  0|   32|          32|          32|
    |tmp78_fu_1164_p2                 |     +    |      0|  0|   32|          32|          32|
    |tmp79_fu_1093_p2                 |     +    |      0|  0|   32|          32|          32|
    |tmp80_fu_1098_p2                 |     +    |      0|  0|   39|          32|          32|
    |tmp82_fu_1176_p2                 |     +    |      0|  0|   32|          32|          30|
    |tmp83_fu_1181_p2                 |     +    |      0|  0|   32|          32|          32|
    |tmp84_fu_1208_p2                 |     +    |      0|  0|   32|          32|          32|
    |tmp86_fu_1061_p2                 |     +    |      0|  0|   39|          32|          32|
    |tmp88_fu_1220_p2                 |     +    |      0|  0|   32|          32|          28|
    |tmp89_fu_1225_p2                 |     +    |      0|  0|   32|          32|          32|
    |tmp90_fu_1253_p2                 |     +    |      0|  0|   32|          32|          32|
    |tmp92_fu_1142_p2                 |     +    |      0|  0|   39|          32|          32|
    |tmp94_fu_1265_p2                 |     +    |      0|  0|   32|          32|          30|
    |tmp95_fu_1270_p2                 |     +    |      0|  0|   32|          32|          32|
    |tmp96_fu_1297_p2                 |     +    |      0|  0|   32|          32|          32|
    |tmp98_fu_1071_p2                 |     +    |      0|  0|   39|          32|          32|
    |tmp9_fu_562_p2                   |     +    |      0|  0|   32|          32|          32|
    |tmp_26_fu_531_p2                 |     +    |      0|  0|   32|          32|          32|
    |tmp_33_fu_1152_p2                |     +    |      0|  0|   32|          32|          32|
    |tmp_58_10_fu_917_p2              |     +    |      0|  0|   32|          32|          32|
    |tmp_58_11_fu_952_p2              |     +    |      0|  0|   32|          32|          32|
    |tmp_58_12_fu_987_p2              |     +    |      0|  0|   32|          32|          32|
    |tmp_58_13_fu_1037_p2             |     +    |      0|  0|   32|          32|          32|
    |tmp_58_14_fu_1108_p2             |     +    |      0|  0|   32|          32|          32|
    |tmp_58_1_fu_567_p2               |     +    |      0|  0|   32|          32|          32|
    |tmp_58_2_fu_602_p2               |     +    |      0|  0|   32|          32|          32|
    |tmp_58_3_fu_637_p2               |     +    |      0|  0|   32|          32|          32|
    |tmp_58_4_fu_672_p2               |     +    |      0|  0|   32|          32|          32|
    |tmp_58_5_fu_707_p2               |     +    |      0|  0|   32|          32|          32|
    |tmp_58_6_fu_742_p2               |     +    |      0|  0|   32|          32|          32|
    |tmp_58_7_fu_777_p2               |     +    |      0|  0|   32|          32|          32|
    |tmp_58_8_fu_812_p2               |     +    |      0|  0|   32|          32|          32|
    |tmp_58_9_fu_847_p2               |     +    |      0|  0|   32|          32|          32|
    |tmp_58_s_fu_882_p2               |     +    |      0|  0|   32|          32|          32|
    |tmp_89_10_fu_1638_p2             |     +    |      0|  0|   32|          32|          32|
    |tmp_89_11_fu_1682_p2             |     +    |      0|  0|   32|          32|          32|
    |tmp_89_12_fu_1726_p2             |     +    |      0|  0|   32|          32|          32|
    |tmp_89_13_fu_1770_p2             |     +    |      0|  0|   32|          32|          32|
    |tmp_89_14_fu_1814_p2             |     +    |      0|  0|   32|          32|          32|
    |tmp_89_15_fu_1858_p2             |     +    |      0|  0|   32|          32|          32|
    |tmp_89_16_fu_1902_p2             |     +    |      0|  0|   32|          32|          32|
    |tmp_89_17_fu_1946_p2             |     +    |      0|  0|   32|          32|          32|
    |tmp_89_18_fu_1990_p2             |     +    |      0|  0|   32|          32|          32|
    |tmp_89_19_fu_2034_p2             |     +    |      0|  0|   32|          32|          32|
    |tmp_89_1_fu_1196_p2              |     +    |      0|  0|   32|          32|          32|
    |tmp_89_20_fu_2078_p2             |     +    |      0|  0|   32|          32|          32|
    |tmp_89_21_fu_2122_p2             |     +    |      0|  0|   32|          32|          32|
    |tmp_89_22_fu_2166_p2             |     +    |      0|  0|   32|          32|          32|
    |tmp_89_23_fu_2215_p2             |     +    |      0|  0|   32|          32|          32|
    |tmp_89_24_fu_2259_p2             |     +    |      0|  0|   32|          32|          32|
    |tmp_89_25_fu_2303_p2             |     +    |      0|  0|   32|          32|          32|
    |tmp_89_26_fu_2347_p2             |     +    |      0|  0|   32|          32|          32|
    |tmp_89_27_fu_2391_p2             |     +    |      0|  0|   32|          32|          32|
    |tmp_89_28_fu_2435_p2             |     +    |      0|  0|   32|          32|          32|
    |tmp_89_29_fu_2479_p2             |     +    |      0|  0|   32|          32|          32|
    |tmp_89_2_fu_1241_p2              |     +    |      0|  0|   32|          32|          32|
    |tmp_89_30_fu_2523_p2             |     +    |      0|  0|   32|          32|          32|
    |tmp_89_31_fu_2581_p2             |     +    |      0|  0|   32|          32|          32|
    |tmp_89_32_fu_2629_p2             |     +    |      0|  0|   32|          32|          32|
    |tmp_89_33_fu_2677_p2             |     +    |      0|  0|   32|          32|          32|
    |tmp_89_34_fu_2711_p2             |     +    |      0|  0|   32|          32|          32|
    |tmp_89_35_fu_2754_p2             |     +    |      0|  0|   32|          32|          32|
    |tmp_89_36_fu_2797_p2             |     +    |      0|  0|   32|          32|          32|
    |tmp_89_37_fu_2836_p2             |     +    |      0|  0|   32|          32|          32|
    |tmp_89_38_fu_2879_p2             |     +    |      0|  0|   32|          32|          32|
    |tmp_89_39_fu_2928_p2             |     +    |      0|  0|   32|          32|          32|
    |tmp_89_3_fu_1285_p2              |     +    |      0|  0|   32|          32|          32|
    |tmp_89_40_fu_2967_p2             |     +    |      0|  0|   32|          32|          32|
    |tmp_89_41_fu_3018_p2             |     +    |      0|  0|   32|          32|          32|
    |tmp_89_42_fu_3069_p2             |     +    |      0|  0|   32|          32|          32|
    |tmp_89_43_fu_3103_p2             |     +    |      0|  0|   32|          32|          32|
    |tmp_89_44_fu_3131_p2             |     +    |      0|  0|   32|          32|          32|
    |tmp_89_45_fu_3170_p2             |     +    |      0|  0|   32|          32|          32|
    |tmp_89_46_fu_3214_p2             |     +    |      0|  0|   32|          32|          32|
    |tmp_89_4_fu_1329_p2              |     +    |      0|  0|   32|          32|          32|
    |tmp_89_5_fu_1373_p2              |     +    |      0|  0|   32|          32|          32|
    |tmp_89_6_fu_1417_p2              |     +    |      0|  0|   32|          32|          32|
    |tmp_89_7_fu_1461_p2              |     +    |      0|  0|   32|          32|          32|
    |tmp_89_8_fu_1505_p2              |     +    |      0|  0|   32|          32|          32|
    |tmp_89_9_fu_1549_p2              |     +    |      0|  0|   32|          32|          32|
    |tmp_89_s_fu_1593_p2              |     +    |      0|  0|   32|          32|          32|
    |tmp_fu_661_p2                    |     +    |      0|  0|   32|          32|          30|
    |ap_block_pp0_stage0_11001        |    and   |      0|  0|    2|           1|           1|
    |ap_block_pp0_stage0_subdone      |    or    |      0|  0|    2|           1|           1|
    |ap_enable_pp0                    |    xor   |      0|  0|    2|           1|           2|
    +---------------------------------+----------+-------+---+-----+------------+------------+
    |Total                            |          |      0|  0|17212|       16355|       16279|
    +---------------------------------+----------+-------+---+-----+------------+------------+

    * Multiplexer: 
    +----------------------------+-----+-----------+-----+-----------+
    |            Name            | LUT | Input Size| Bits| Total Bits|
    +----------------------------+-----+-----------+-----+-----------+
    |ap_NS_fsm                   |  213|         49|    1|         49|
    |ap_enable_reg_pp0_iter0     |    9|          2|    1|          2|
    |ap_enable_reg_pp0_iter2     |    9|          2|    1|          2|
    |grp_p_Ch_fu_267_x           |  209|         48|   32|       1536|
    |grp_p_Ch_fu_267_y           |  209|         48|   32|       1536|
    |grp_p_Ch_fu_267_z           |  209|         48|   32|       1536|
    |grp_p_Ch_fu_277_x           |   89|         18|   32|        576|
    |grp_p_Ch_fu_277_y           |   89|         18|   32|        576|
    |grp_p_Ch_fu_277_z           |   89|         18|   32|        576|
    |grp_p_G0_fu_323_x           |  157|         35|   32|       1120|
    |grp_p_G1_fu_329_x           |  209|         48|   32|       1536|
    |grp_p_Ma_fu_284_x           |  213|         49|   32|       1568|
    |grp_p_Ma_fu_284_y           |  213|         49|   32|       1568|
    |grp_p_Ma_fu_284_z           |  213|         49|   32|       1568|
    |grp_p_Ma_fu_294_x           |   85|         17|   32|        544|
    |grp_p_Ma_fu_294_y           |   85|         17|   32|        544|
    |grp_p_Ma_fu_294_z           |   85|         17|   32|        544|
    |grp_p_S0_fu_312_x           |  213|         49|   32|       1568|
    |grp_p_S0_fu_318_x           |   85|         17|   32|        544|
    |grp_p_S1_fu_301_x           |  209|         48|   32|       1536|
    |grp_p_S1_fu_307_x           |   89|         18|   32|        576|
    |grp_p_word_fu_244_ap_start  |    9|          2|    1|          2|
    |grp_p_word_fu_244_c_offset  |   85|         17|    7|        119|
    |sha256_buf_ce0              |    9|          2|    1|          2|
    |sha256_buf_ce1              |    9|          2|    1|          2|
    +----------------------------+-----+-----------+-----+-----------+
    |Total                       | 3093|        687|  589|      19730|
    +----------------------------+-----+-----------+-----+-----------+

    * Register: 
    +--------------------------------------------+-----+----+-----+-----------+
    |                    Name                    |  FF | LUT| Bits| Const Bits|
    +--------------------------------------------+-----+----+-----+-----------+
    |W_0_reg_3343                                |   32|   0|   32|          0|
    |W_10_reg_3614                               |   32|   0|   32|          0|
    |W_11_reg_3641                               |   32|   0|   32|          0|
    |W_12_reg_3668                               |   32|   0|   32|          0|
    |W_13_reg_3695                               |   32|   0|   32|          0|
    |W_14_reg_3722                               |   32|   0|   32|          0|
    |W_16_reg_3733                               |   32|   0|   32|          0|
    |W_17_reg_3781                               |   32|   0|   32|          0|
    |W_18_reg_3758                               |   32|   0|   32|          0|
    |W_19_reg_3811                               |   32|   0|   32|          0|
    |W_1_reg_3374                                |   32|   0|   32|          0|
    |W_20_reg_3767                               |   32|   0|   32|          0|
    |W_21_reg_3841                               |   32|   0|   32|          0|
    |W_22_reg_3871                               |   32|   0|   32|          0|
    |W_23_reg_3901                               |   32|   0|   32|          0|
    |W_24_reg_3931                               |   32|   0|   32|          0|
    |W_25_reg_3961                               |   32|   0|   32|          0|
    |W_26_reg_3991                               |   32|   0|   32|          0|
    |W_27_reg_4021                               |   32|   0|   32|          0|
    |W_28_reg_4051                               |   32|   0|   32|          0|
    |W_29_reg_4081                               |   32|   0|   32|          0|
    |W_2_reg_3405                                |   32|   0|   32|          0|
    |W_30_reg_4111                               |   32|   0|   32|          0|
    |W_31_reg_4141                               |   32|   0|   32|          0|
    |W_32_reg_4171                               |   32|   0|   32|          0|
    |W_33_reg_4201                               |   32|   0|   32|          0|
    |W_34_reg_4231                               |   32|   0|   32|          0|
    |W_35_reg_4261                               |   32|   0|   32|          0|
    |W_36_reg_4296                               |   32|   0|   32|          0|
    |W_37_reg_4326                               |   32|   0|   32|          0|
    |W_38_reg_4356                               |   32|   0|   32|          0|
    |W_39_reg_4386                               |   32|   0|   32|          0|
    |W_3_reg_3436                                |   32|   0|   32|          0|
    |W_40_reg_4416                               |   32|   0|   32|          0|
    |W_41_reg_4446                               |   32|   0|   32|          0|
    |W_42_reg_4476                               |   32|   0|   32|          0|
    |W_43_reg_4506                               |   32|   0|   32|          0|
    |W_44_reg_4536                               |   32|   0|   32|          0|
    |W_45_reg_4566                               |   32|   0|   32|          0|
    |W_46_reg_4596                               |   32|   0|   32|          0|
    |W_47_reg_4626                               |   32|   0|   32|          0|
    |W_48_reg_4656                               |   32|   0|   32|          0|
    |W_49_reg_4685                               |   32|   0|   32|          0|
    |W_50_reg_4713                               |   32|   0|   32|          0|
    |W_51_reg_4741                               |   32|   0|   32|          0|
    |W_52_reg_4774                               |   32|   0|   32|          0|
    |W_53_reg_4807                               |   32|   0|   32|          0|
    |W_54_reg_4840                               |   32|   0|   32|          0|
    |W_55_reg_4868                               |   32|   0|   32|          0|
    |W_56_reg_4896                               |   32|   0|   32|          0|
    |W_57_reg_4929                               |   32|   0|   32|          0|
    |W_58_reg_4961                               |   32|   0|   32|          0|
    |W_59_reg_4988                               |   32|   0|   32|          0|
    |W_5_reg_3483                                |   32|   0|   32|          0|
    |W_60_reg_5025                               |   32|   0|   32|          0|
    |W_61_reg_5052                               |   32|   0|   32|          0|
    |W_6_reg_3509                                |   32|   0|   32|          0|
    |W_7_reg_3535                                |   32|   0|   32|          0|
    |W_8_reg_3561                                |   32|   0|   32|          0|
    |W_9_reg_3587                                |   32|   0|   32|          0|
    |a_1_10_reg_3659                             |   32|   0|   32|          0|
    |a_1_11_reg_3686                             |   32|   0|   32|          0|
    |a_1_12_reg_3713                             |   32|   0|   32|          0|
    |a_1_13_reg_3749                             |   32|   0|   32|          0|
    |a_1_14_reg_3797                             |   32|   0|   32|          0|
    |a_1_1_reg_3396                              |   32|   0|   32|          0|
    |a_1_2_reg_3427                              |   32|   0|   32|          0|
    |a_1_3_reg_3453                              |   32|   0|   32|          0|
    |a_1_4_reg_3474                              |   32|   0|   32|          0|
    |a_1_5_reg_3500                              |   32|   0|   32|          0|
    |a_1_6_reg_3526                              |   32|   0|   32|          0|
    |a_1_7_reg_3552                              |   32|   0|   32|          0|
    |a_1_8_reg_3578                              |   32|   0|   32|          0|
    |a_1_9_reg_3605                              |   32|   0|   32|          0|
    |a_1_reg_3365                                |   32|   0|   32|          0|
    |a_1_s_reg_3632                              |   32|   0|   32|          0|
    |a_2_10_reg_4157                             |   32|   0|   32|          0|
    |a_2_11_reg_4187                             |   32|   0|   32|          0|
    |a_2_12_reg_4217                             |   32|   0|   32|          0|
    |a_2_13_reg_4247                             |   32|   0|   32|          0|
    |a_2_14_reg_4282                             |   32|   0|   32|          0|
    |a_2_15_reg_4312                             |   32|   0|   32|          0|
    |a_2_16_reg_4342                             |   32|   0|   32|          0|
    |a_2_17_reg_4372                             |   32|   0|   32|          0|
    |a_2_18_reg_4402                             |   32|   0|   32|          0|
    |a_2_19_reg_4432                             |   32|   0|   32|          0|
    |a_2_1_reg_3857                              |   32|   0|   32|          0|
    |a_2_20_reg_4462                             |   32|   0|   32|          0|
    |a_2_21_reg_4492                             |   32|   0|   32|          0|
    |a_2_22_reg_4522                             |   32|   0|   32|          0|
    |a_2_23_reg_4552                             |   32|   0|   32|          0|
    |a_2_24_reg_4582                             |   32|   0|   32|          0|
    |a_2_25_reg_4612                             |   32|   0|   32|          0|
    |a_2_26_reg_4642                             |   32|   0|   32|          0|
    |a_2_27_reg_4671                             |   32|   0|   32|          0|
    |a_2_28_reg_4699                             |   32|   0|   32|          0|
    |a_2_29_reg_4727                             |   32|   0|   32|          0|
    |a_2_2_reg_3887                              |   32|   0|   32|          0|
    |a_2_30_reg_4755                             |   32|   0|   32|          0|
    |a_2_31_reg_4793                             |   32|   0|   32|          0|
    |a_2_32_reg_4826                             |   32|   0|   32|          0|
    |a_2_33_reg_4859                             |   32|   0|   32|          0|
    |a_2_34_reg_4882                             |   32|   0|   32|          0|
    |a_2_35_reg_4915                             |   32|   0|   32|          0|
    |a_2_36_reg_4947                             |   32|   0|   32|          0|
    |a_2_37_reg_4974                             |   32|   0|   32|          0|
    |a_2_38_reg_5006                             |   32|   0|   32|          0|
    |a_2_39_reg_5038                             |   32|   0|   32|          0|
    |a_2_3_reg_3917                              |   32|   0|   32|          0|
    |a_2_40_reg_5065                             |   32|   0|   32|          0|
    |a_2_41_reg_5091                             |   32|   0|   32|          0|
    |a_2_42_reg_5117                             |   32|   0|   32|          0|
    |a_2_43_reg_5138                             |   32|   0|   32|          0|
    |a_2_44_reg_5158                             |   32|   0|   32|          0|
    |a_2_4_reg_3947                              |   32|   0|   32|          0|
    |a_2_5_reg_3977                              |   32|   0|   32|          0|
    |a_2_6_reg_4007                              |   32|   0|   32|          0|
    |a_2_7_reg_4037                              |   32|   0|   32|          0|
    |a_2_8_reg_4067                              |   32|   0|   32|          0|
    |a_2_9_reg_4097                              |   32|   0|   32|          0|
    |a_2_reg_3827                                |   32|   0|   32|          0|
    |a_2_s_reg_4127                              |   32|   0|   32|          0|
    |ap_CS_fsm                                   |   48|   0|   48|          0|
    |ap_enable_reg_pp0_iter0_reg                 |    1|   0|    1|          0|
    |ap_enable_reg_pp0_iter1                     |    1|   0|    1|          0|
    |ap_enable_reg_pp0_iter2                     |    1|   0|    1|          0|
    |ap_port_reg_sha256hash_3_read               |   32|   0|   32|          0|
    |ap_port_reg_sha256hash_7_read               |   32|   0|   32|          0|
    |e_1_10_reg_3652                             |   32|   0|   32|          0|
    |e_1_11_reg_3679                             |   32|   0|   32|          0|
    |e_1_12_reg_3706                             |   32|   0|   32|          0|
    |e_1_13_reg_3742                             |   32|   0|   32|          0|
    |e_1_14_reg_3790                             |   32|   0|   32|          0|
    |e_1_1_reg_3389                              |   32|   0|   32|          0|
    |e_1_2_reg_3420                              |   32|   0|   32|          0|
    |e_1_3_reg_3446                              |   32|   0|   32|          0|
    |e_1_4_reg_3467                              |   32|   0|   32|          0|
    |e_1_5_reg_3493                              |   32|   0|   32|          0|
    |e_1_6_reg_3519                              |   32|   0|   32|          0|
    |e_1_7_reg_3545                              |   32|   0|   32|          0|
    |e_1_8_reg_3571                              |   32|   0|   32|          0|
    |e_1_9_reg_3598                              |   32|   0|   32|          0|
    |e_1_reg_3358                                |   32|   0|   32|          0|
    |e_1_s_reg_3625                              |   32|   0|   32|          0|
    |e_2_10_reg_4150                             |   32|   0|   32|          0|
    |e_2_11_reg_4180                             |   32|   0|   32|          0|
    |e_2_12_reg_4210                             |   32|   0|   32|          0|
    |e_2_13_reg_4240                             |   32|   0|   32|          0|
    |e_2_14_reg_4275                             |   32|   0|   32|          0|
    |e_2_15_reg_4305                             |   32|   0|   32|          0|
    |e_2_16_reg_4335                             |   32|   0|   32|          0|
    |e_2_17_reg_4365                             |   32|   0|   32|          0|
    |e_2_18_reg_4395                             |   32|   0|   32|          0|
    |e_2_19_reg_4425                             |   32|   0|   32|          0|
    |e_2_1_reg_3850                              |   32|   0|   32|          0|
    |e_2_20_reg_4455                             |   32|   0|   32|          0|
    |e_2_21_reg_4485                             |   32|   0|   32|          0|
    |e_2_22_reg_4515                             |   32|   0|   32|          0|
    |e_2_23_reg_4545                             |   32|   0|   32|          0|
    |e_2_24_reg_4575                             |   32|   0|   32|          0|
    |e_2_25_reg_4605                             |   32|   0|   32|          0|
    |e_2_26_reg_4635                             |   32|   0|   32|          0|
    |e_2_27_reg_4664                             |   32|   0|   32|          0|
    |e_2_28_reg_4692                             |   32|   0|   32|          0|
    |e_2_29_reg_4720                             |   32|   0|   32|          0|
    |e_2_2_reg_3880                              |   32|   0|   32|          0|
    |e_2_30_reg_4748                             |   32|   0|   32|          0|
    |e_2_31_reg_4786                             |   32|   0|   32|          0|
    |e_2_32_reg_4819                             |   32|   0|   32|          0|
    |e_2_33_reg_4852                             |   32|   0|   32|          0|
    |e_2_34_reg_4875                             |   32|   0|   32|          0|
    |e_2_35_reg_4908                             |   32|   0|   32|          0|
    |e_2_36_reg_4940                             |   32|   0|   32|          0|
    |e_2_37_reg_4967                             |   32|   0|   32|          0|
    |e_2_38_reg_4999                             |   32|   0|   32|          0|
    |e_2_39_reg_5031                             |   32|   0|   32|          0|
    |e_2_3_reg_3910                              |   32|   0|   32|          0|
    |e_2_40_reg_5058                             |   32|   0|   32|          0|
    |e_2_41_reg_5084                             |   32|   0|   32|          0|
    |e_2_42_reg_5110                             |   32|   0|   32|          0|
    |e_2_43_reg_5131                             |   32|   0|   32|          0|
    |e_2_44_reg_5152                             |   32|   0|   32|          0|
    |e_2_45_reg_5187                             |   32|   0|   32|          0|
    |e_2_4_reg_3940                              |   32|   0|   32|          0|
    |e_2_5_reg_3970                              |   32|   0|   32|          0|
    |e_2_6_reg_4000                              |   32|   0|   32|          0|
    |e_2_7_reg_4030                              |   32|   0|   32|          0|
    |e_2_8_reg_4060                              |   32|   0|   32|          0|
    |e_2_9_reg_4090                              |   32|   0|   32|          0|
    |e_2_reg_3820                                |   32|   0|   32|          0|
    |e_2_s_reg_4120                              |   32|   0|   32|          0|
    |grp_p_word_fu_244_ap_start_reg              |    1|   0|    1|          0|
    |reg_335                                     |   32|   0|   32|          0|
    |reg_339                                     |   32|   0|   32|          0|
    |reg_343                                     |   32|   0|   32|          0|
    |reg_347                                     |   32|   0|   32|          0|
    |reg_351                                     |   32|   0|   32|          0|
    |reg_355                                     |   32|   0|   32|          0|
    |reg_359                                     |   32|   0|   32|          0|
    |reg_363                                     |   32|   0|   32|          0|
    |reg_367                                     |   32|   0|   32|          0|
    |reg_371                                     |   32|   0|   32|          0|
    |reg_375                                     |   32|   0|   32|          0|
    |reg_379                                     |   32|   0|   32|          0|
    |reg_383                                     |   32|   0|   32|          0|
    |reg_387                                     |   32|   0|   32|          0|
    |reg_391                                     |   32|   0|   32|          0|
    |reg_395                                     |   32|   0|   32|          0|
    |reg_399                                     |   32|   0|   32|          0|
    |reg_403                                     |   32|   0|   32|          0|
    |reg_407                                     |   32|   0|   32|          0|
    |reg_411                                     |   32|   0|   32|          0|
    |reg_415                                     |   32|   0|   32|          0|
    |reg_419                                     |   32|   0|   32|          0|
    |sha256hash_0_read_2_reg_3330                |   32|   0|   32|          0|
    |sha256hash_1_read_2_reg_3323                |   32|   0|   32|          0|
    |sha256hash_1_read_2_reg_3323_pp0_iter1_reg  |   32|   0|   32|          0|
    |sha256hash_1_write_s_reg_5204               |   32|   0|   32|          0|
    |sha256hash_2_read_2_reg_3317                |   32|   0|   32|          0|
    |sha256hash_2_read_2_reg_3317_pp0_iter1_reg  |   32|   0|   32|          0|
    |sha256hash_2_write_s_reg_5209               |   32|   0|   32|          0|
    |sha256hash_3_read_2_reg_3353                |   32|   0|   32|          0|
    |sha256hash_3_read_2_reg_3353_pp0_iter1_reg  |   32|   0|   32|          0|
    |sha256hash_3_write_s_reg_5214               |   32|   0|   32|          0|
    |sha256hash_4_read_2_reg_3309                |   32|   0|   32|          0|
    |sha256hash_5_read_2_reg_3302                |   32|   0|   32|          0|
    |sha256hash_5_write_s_reg_5225               |   32|   0|   32|          0|
    |sha256hash_6_read_2_reg_3296                |   32|   0|   32|          0|
    |sha256hash_6_write_s_reg_5230               |   32|   0|   32|          0|
    |sha256hash_7_read_2_reg_3338                |   32|   0|   32|          0|
    |sha256hash_7_read_2_reg_3338_pp0_iter1_reg  |   32|   0|   32|          0|
    |sha256hash_7_write_s_reg_5235               |   32|   0|   32|          0|
    |tmp101_reg_3926                             |   32|   0|   32|          0|
    |tmp107_reg_3956                             |   32|   0|   32|          0|
    |tmp113_reg_3986                             |   32|   0|   32|          0|
    |tmp119_reg_4016                             |   32|   0|   32|          0|
    |tmp125_reg_4046                             |   32|   0|   32|          0|
    |tmp131_reg_4076                             |   32|   0|   32|          0|
    |tmp137_reg_4106                             |   32|   0|   32|          0|
    |tmp143_reg_4136                             |   32|   0|   32|          0|
    |tmp149_reg_4166                             |   32|   0|   32|          0|
    |tmp155_reg_4196                             |   32|   0|   32|          0|
    |tmp15_reg_3410                              |   32|   0|   32|          0|
    |tmp161_reg_4226                             |   32|   0|   32|          0|
    |tmp167_reg_4256                             |   32|   0|   32|          0|
    |tmp173_reg_4291                             |   32|   0|   32|          0|
    |tmp179_reg_4321                             |   32|   0|   32|          0|
    |tmp185_reg_4351                             |   32|   0|   32|          0|
    |tmp191_reg_4381                             |   32|   0|   32|          0|
    |tmp197_reg_4411                             |   32|   0|   32|          0|
    |tmp203_reg_4441                             |   32|   0|   32|          0|
    |tmp209_reg_4471                             |   32|   0|   32|          0|
    |tmp215_reg_4501                             |   32|   0|   32|          0|
    |tmp21_reg_3441                              |   32|   0|   32|          0|
    |tmp221_reg_4531                             |   32|   0|   32|          0|
    |tmp227_reg_4561                             |   32|   0|   32|          0|
    |tmp233_reg_4591                             |   32|   0|   32|          0|
    |tmp239_reg_4621                             |   32|   0|   32|          0|
    |tmp245_reg_4651                             |   32|   0|   32|          0|
    |tmp251_reg_4680                             |   32|   0|   32|          0|
    |tmp257_reg_4708                             |   32|   0|   32|          0|
    |tmp263_reg_4736                             |   32|   0|   32|          0|
    |tmp269_reg_4764                             |   32|   0|   32|          0|
    |tmp275_reg_4769                             |   32|   0|   32|          0|
    |tmp27_reg_3462                              |   32|   0|   32|          0|
    |tmp281_reg_4802                             |   32|   0|   32|          0|
    |tmp287_reg_4835                             |   32|   0|   32|          0|
    |tmp293_reg_4891                             |   32|   0|   32|          0|
    |tmp299_reg_4924                             |   32|   0|   32|          0|
    |tmp305_reg_4956                             |   32|   0|   32|          0|
    |tmp311_reg_4983                             |   32|   0|   32|          0|
    |tmp314_reg_4781                             |   32|   0|   32|          0|
    |tmp317_reg_5015                             |   32|   0|   32|          0|
    |tmp31_reg_3488                              |   32|   0|   32|          0|
    |tmp320_reg_4814                             |   32|   0|   32|          0|
    |tmp323_reg_5020                             |   32|   0|   32|          0|
    |tmp326_reg_4847                             |   32|   0|   32|          0|
    |tmp329_reg_5047                             |   32|   0|   32|          0|
    |tmp332_reg_4903                             |   32|   0|   32|          0|
    |tmp335_reg_5074                             |   32|   0|   32|          0|
    |tmp338_reg_4935                             |   32|   0|   32|          0|
    |tmp341_reg_5100                             |   32|   0|   32|          0|
    |tmp344_reg_4994                             |   32|   0|   32|          0|
    |tmp347_reg_5126                             |   32|   0|   32|          0|
    |tmp350_reg_5147                             |   32|   0|   32|          0|
    |tmp354_reg_5079                             |   32|   0|   32|          0|
    |tmp357_reg_5166                             |   32|   0|   32|          0|
    |tmp35_reg_3514                              |   32|   0|   32|          0|
    |tmp361_reg_5105                             |   32|   0|   32|          0|
    |tmp39_reg_3540                              |   32|   0|   32|          0|
    |tmp3_reg_3348                               |   32|   0|   32|          0|
    |tmp43_reg_3566                              |   32|   0|   32|          0|
    |tmp47_reg_3593                              |   32|   0|   32|          0|
    |tmp51_reg_3620                              |   32|   0|   32|          0|
    |tmp55_reg_3647                              |   32|   0|   32|          0|
    |tmp59_reg_3674                              |   32|   0|   32|          0|
    |tmp63_reg_3701                              |   32|   0|   32|          0|
    |tmp67_reg_3728                              |   32|   0|   32|          0|
    |tmp71_reg_3776                              |   32|   0|   32|          0|
    |tmp77_reg_3806                              |   32|   0|   32|          0|
    |tmp83_reg_3836                              |   32|   0|   32|          0|
    |tmp89_reg_3866                              |   32|   0|   32|          0|
    |tmp95_reg_3896                              |   32|   0|   32|          0|
    |tmp9_reg_3379                               |   32|   0|   32|          0|
    |tmp_30_reg_3384                             |   32|   0|   32|          0|
    |tmp_77_1_reg_3415                           |   32|   0|   32|          0|
    |tmp_77_27_reg_4270                          |   32|   0|   32|          0|
    |tmp_89_45_reg_5171                          |   32|   0|   32|          0|
    |tmp_89_46_reg_5219                          |   32|   0|   32|          0|
    |tmp_90_45_reg_5177                          |   32|   0|   32|          0|
    |tmp_90_46_reg_5194                          |   32|   0|   32|          0|
    |tmp_91_45_reg_5182                          |   32|   0|   32|          0|
    |tmp_91_46_reg_5199                          |   32|   0|   32|          0|
    |sha256hash_0_read_2_reg_3330                |   64|  32|   32|          0|
    |sha256hash_4_read_2_reg_3309                |   64|  32|   32|          0|
    |sha256hash_5_read_2_reg_3302                |   64|  32|   32|          0|
    |sha256hash_6_read_2_reg_3296                |   64|  32|   32|          0|
    +--------------------------------------------+-----+----+-----+-----------+
    |Total                                       |10164| 128|10036|          0|
    +--------------------------------------------+-----+----+-----+-----------+



================================================================
== Interface
================================================================
* Summary: 
+---------------------+-----+-----+------------+-------------------+--------------+
|      RTL Ports      | Dir | Bits|  Protocol  |   Source Object   |    C Type    |
+---------------------+-----+-----+------------+-------------------+--------------+
|ap_clk               |  in |    1| ap_ctrl_hs |       _hash       | return value |
|ap_rst               |  in |    1| ap_ctrl_hs |       _hash       | return value |
|ap_start             |  in |    1| ap_ctrl_hs |       _hash       | return value |
|ap_done              | out |    1| ap_ctrl_hs |       _hash       | return value |
|ap_idle              | out |    1| ap_ctrl_hs |       _hash       | return value |
|ap_ready             | out |    1| ap_ctrl_hs |       _hash       | return value |
|ap_ce                |  in |    1| ap_ctrl_hs |       _hash       | return value |
|ap_return_0          | out |   32| ap_ctrl_hs |       _hash       | return value |
|ap_return_1          | out |   32| ap_ctrl_hs |       _hash       | return value |
|ap_return_2          | out |   32| ap_ctrl_hs |       _hash       | return value |
|ap_return_3          | out |   32| ap_ctrl_hs |       _hash       | return value |
|ap_return_4          | out |   32| ap_ctrl_hs |       _hash       | return value |
|ap_return_5          | out |   32| ap_ctrl_hs |       _hash       | return value |
|ap_return_6          | out |   32| ap_ctrl_hs |       _hash       | return value |
|ap_return_7          | out |   32| ap_ctrl_hs |       _hash       | return value |
|sha256_buf_address0  | out |    6|  ap_memory |     sha256_buf    |     array    |
|sha256_buf_ce0       | out |    1|  ap_memory |     sha256_buf    |     array    |
|sha256_buf_q0        |  in |    8|  ap_memory |     sha256_buf    |     array    |
|sha256_buf_address1  | out |    6|  ap_memory |     sha256_buf    |     array    |
|sha256_buf_ce1       | out |    1|  ap_memory |     sha256_buf    |     array    |
|sha256_buf_q1        |  in |    8|  ap_memory |     sha256_buf    |     array    |
|sha256hash_0_read    |  in |   32|   ap_none  | sha256hash_0_read |    scalar    |
|sha256hash_1_read    |  in |   32|   ap_none  | sha256hash_1_read |    scalar    |
|sha256hash_2_read    |  in |   32|   ap_none  | sha256hash_2_read |    scalar    |
|sha256hash_3_read    |  in |   32|   ap_none  | sha256hash_3_read |    scalar    |
|sha256hash_4_read    |  in |   32|   ap_none  | sha256hash_4_read |    scalar    |
|sha256hash_5_read    |  in |   32|   ap_none  | sha256hash_5_read |    scalar    |
|sha256hash_6_read    |  in |   32|   ap_none  | sha256hash_6_read |    scalar    |
|sha256hash_7_read    |  in |   32|   ap_none  | sha256hash_7_read |    scalar    |
+---------------------+-----+-----+------------+-------------------+--------------+

