

================================================================
== Vivado HLS Report for 'p_hash'
================================================================
* Date:           Sun Feb 21 21:04:25 2021

* Version:        2018.3 (Build 2405991 on Thu Dec 06 23:56:15 MST 2018)
* Project:        sha256_hls
* Solution:       solution1
* Product family: zynq
* Target device:  xc7z020clg400-1


================================================================
== Performance Estimates
================================================================
+ Timing (ns): 
    * Summary: 
    +--------+-------+----------+------------+
    |  Clock | Target| Estimated| Uncertainty|
    +--------+-------+----------+------------+
    |ap_clk  |  10.00|     8.742|        1.25|
    +--------+-------+----------+------------+

+ Latency (clock cycles): 
    * Summary: 
    +-----+-----+-----+-----+---------+
    |  Latency  |  Interval | Pipeline|
    | min | max | min | max |   Type  |
    +-----+-----+-----+-----+---------+
    |  185|  185|  185|  185|   none  |
    +-----+-----+-----+-----+---------+

    + Detail: 
        * Instance: 
        N/A

        * Loop: 
        +----------------+-----+-----+----------+-----------+-----------+------+----------+
        |                |  Latency  | Iteration|  Initiation Interval  | Trip |          |
        |    Loop Name   | min | max |  Latency |  achieved |   target  | Count| Pipelined|
        +----------------+-----+-----+----------+-----------+-----------+------+----------+
        |- _hash_label0  |   34|   34|         4|          2|          1|    16|    yes   |
        |- _hash_label1  |  147|  147|         6|          3|          1|    48|    yes   |
        +----------------+-----+-----+----------+-----------+-----------+------+----------+



================================================================
== Utilization Estimates
================================================================
* Summary: 
+-----------------+---------+-------+--------+-------+
|       Name      | BRAM_18K| DSP48E|   FF   |  LUT  |
+-----------------+---------+-------+--------+-------+
|DSP              |        -|      -|       -|      -|
|Expression       |        -|      -|       0|   1921|
|FIFO             |        -|      -|       -|      -|
|Instance         |        -|      -|       -|      -|
|Memory           |        3|      -|       0|      0|
|Multiplexer      |        -|      -|       -|    329|
|Register         |        -|      -|     904|      -|
+-----------------+---------+-------+--------+-------+
|Total            |        3|      0|     904|   2250|
+-----------------+---------+-------+--------+-------+
|Available        |      280|    220|  106400|  53200|
+-----------------+---------+-------+--------+-------+
|Utilization (%)  |        1|      0|   ~0   |      4|
+-----------------+---------+-------+--------+-------+

+ Detail: 
    * Instance: 
    N/A

    * DSP48: 
    N/A

    * Memory: 
    +-------+----------+---------+---+----+------+-----+------+-------------+
    | Memory|  Module  | BRAM_18K| FF| LUT| Words| Bits| Banks| W*Bits*Banks|
    +-------+----------+---------+---+----+------+-----+------+-------------+
    |K_U    |p_hash_K  |        1|  0|   0|    64|   32|     1|         2048|
    |W_U    |p_hash_W  |        2|  0|   0|    64|   32|     1|         2048|
    +-------+----------+---------+---+----+------+-----+------+-------------+
    |Total  |          |        3|  0|   0|   128|   64|     2|         4096|
    +-------+----------+---------+---+----+------+-----+------+-------------+

    * FIFO: 
    N/A

    * Expression: 
    +---------------------------------+----------+-------+---+----+------------+------------+
    |          Variable Name          | Operation| DSP48E| FF| LUT| Bitwidth P0| Bitwidth P1|
    +---------------------------------+----------+-------+---+----+------------+------------+
    |a_1_fu_1301_p2                   |     +    |      0|  0|  32|          32|          32|
    |a_fu_841_p2                      |     +    |      0|  0|  32|          32|          32|
    |e_1_fu_1291_p2                   |     +    |      0|  0|  39|          32|          32|
    |e_fu_829_p2                      |     +    |      0|  0|  39|          32|          32|
    |i_5_fu_1043_p2                   |     +    |      0|  0|  15|           1|           7|
    |i_fu_568_p2                      |     +    |      0|  0|  15|           5|           1|
    |sha256hash_0_write_s_fu_1307_p2  |     +    |      0|  0|  39|          32|          32|
    |sha256hash_1_write_s_fu_1312_p2  |     +    |      0|  0|  39|          32|          32|
    |sha256hash_2_write_s_fu_1317_p2  |     +    |      0|  0|  39|          32|          32|
    |sha256hash_3_write_s_fu_1322_p2  |     +    |      0|  0|  39|          32|          32|
    |sha256hash_4_write_s_fu_1327_p2  |     +    |      0|  0|  39|          32|          32|
    |sha256hash_5_write_s_fu_1332_p2  |     +    |      0|  0|  39|          32|          32|
    |sha256hash_6_write_s_fu_1337_p2  |     +    |      0|  0|  39|          32|          32|
    |sha256hash_7_write_s_fu_1342_p2  |     +    |      0|  0|  39|          32|          32|
    |tmp13_fu_1049_p2                 |     +    |      0|  0|  32|          32|          32|
    |tmp14_fu_1037_p2                 |     +    |      0|  0|  39|          32|          32|
    |tmp18_fu_1178_p2                 |     +    |      0|  0|  32|          32|          32|
    |tmp19_fu_1094_p2                 |     +    |      0|  0|  32|          32|          32|
    |tmp20_fu_1088_p2                 |     +    |      0|  0|  32|          32|          32|
    |tmp22_fu_1296_p2                 |     +    |      0|  0|  32|          32|          32|
    |tmp5_fu_707_p2                   |     +    |      0|  0|  39|          32|          32|
    |tmp6_fu_718_p2                   |     +    |      0|  0|  32|          32|          32|
    |tmp7_fu_712_p2                   |     +    |      0|  0|  39|          32|          32|
    |tmp9_fu_835_p2                   |     +    |      0|  0|  32|          32|          32|
    |tmp_30_fu_722_p2                 |     +    |      0|  0|  32|          32|          32|
    |tmp_32_fu_853_p2                 |     +    |      0|  0|  15|           3|           7|
    |tmp_34_fu_864_p2                 |     +    |      0|  0|  15|           4|           7|
    |tmp_36_fu_875_p2                 |     +    |      0|  0|  15|           5|           7|
    |tmp_38_fu_886_p2                 |     +    |      0|  0|  15|           6|           7|
    |tmp_40_fu_1054_p2                |     +    |      0|  0|  32|          32|          32|
    |tmp_44_fu_1184_p2                |     +    |      0|  0|  32|          32|          32|
    |tmp_104_i1_fu_1076_p2            |    and   |      0|  0|  32|          32|          32|
    |tmp_104_i_fu_695_p2              |    and   |      0|  0|  32|          32|          32|
    |tmp_96_i1_fu_1279_p2             |    and   |      0|  0|  32|          32|          32|
    |tmp_96_i_fu_817_p2               |    and   |      0|  0|  32|          32|          32|
    |tmp_i2_fu_683_p2                 |    and   |      0|  0|  32|          32|          32|
    |tmp_i3_86_fu_1064_p2             |    and   |      0|  0|  32|          32|          32|
    |tmp_i6_fu_811_p2                 |    and   |      0|  0|  32|          32|          32|
    |tmp_i8_fu_1273_p2                |    and   |      0|  0|  32|          32|          32|
    |exitcond_fu_847_p2               |   icmp   |      0|  0|  11|           7|           8|
    |tmp_fu_529_p2                    |   icmp   |      0|  0|  11|           5|           6|
    |sum2_i_fu_574_p2                 |    or    |      0|  0|   6|           6|           2|
    |sum4_i_fu_584_p2                 |    or    |      0|  0|   6|           6|           2|
    |sum_i_fu_552_p2                  |    or    |      0|  0|   6|           6|           1|
    |ap_enable_pp0                    |    xor   |      0|  0|   2|           1|           2|
    |ap_enable_pp1                    |    xor   |      0|  0|   2|           1|           2|
    |tmp10_fu_955_p2                  |    xor   |      0|  0|  32|          32|          32|
    |tmp11_fu_1025_p2                 |    xor   |      0|  0|  32|          32|          32|
    |tmp15_fu_1166_p2                 |    xor   |      0|  0|  32|          32|          32|
    |tmp21_fu_1255_p2                 |    xor   |      0|  0|  32|          32|          32|
    |tmp2_fu_671_p2                   |    xor   |      0|  0|  32|          32|          32|
    |tmp8_fu_793_p2                   |    xor   |      0|  0|  32|          32|          32|
    |tmp_100_i_fu_961_p2              |    xor   |      0|  0|  32|          32|          32|
    |tmp_103_i_fu_1031_p2             |    xor   |      0|  0|  32|          32|          32|
    |tmp_105_i1_fu_1082_p2            |    xor   |      0|  0|  32|          32|          32|
    |tmp_105_i_fu_701_p2              |    xor   |      0|  0|  32|          32|          32|
    |tmp_92_i1_fu_1172_p2             |    xor   |      0|  0|  32|          32|          32|
    |tmp_92_i_fu_677_p2               |    xor   |      0|  0|  32|          32|          32|
    |tmp_95_i1_fu_1261_p2             |    xor   |      0|  0|  32|          32|          32|
    |tmp_95_i_fu_799_p2               |    xor   |      0|  0|  32|          32|          32|
    |tmp_97_i1_fu_1285_p2             |    xor   |      0|  0|  32|          32|          32|
    |tmp_97_i_fu_823_p2               |    xor   |      0|  0|  32|          32|          32|
    |tmp_i3_fu_689_p2                 |    xor   |      0|  0|  32|          32|           2|
    |tmp_i4_fu_1267_p2                |    xor   |      0|  0|  32|          32|          32|
    |tmp_i7_fu_1070_p2                |    xor   |      0|  0|  32|          32|           2|
    |tmp_i_85_fu_805_p2               |    xor   |      0|  0|  32|          32|          32|
    +---------------------------------+----------+-------+---+----+------------+------------+
    |Total                            |          |      0|  0|1921|        1752|        1695|
    +---------------------------------+----------+-------+---+----+------------+------------+

    * Multiplexer: 
    +-----------------------------------+----+-----------+-----+-----------+
    |                Name               | LUT| Input Size| Bits| Total Bits|
    +-----------------------------------+----+-----------+-----+-----------+
    |K_address0                         |  15|          3|    6|         18|
    |W_address0                         |  21|          4|    6|         24|
    |W_address1                         |  21|          4|    6|         24|
    |ap_NS_fsm                          |  44|          9|    1|          9|
    |ap_enable_reg_pp0_iter1            |   9|          2|    1|          2|
    |ap_enable_reg_pp1_iter1            |   9|          2|    1|          2|
    |ap_phi_mux_i_1_phi_fu_434_p4       |   9|          2|    7|         14|
    |ap_phi_mux_x_assign_phi_fu_325_p4  |   9|          2|    5|         10|
    |b_1_reg_442                        |   9|          2|   32|         64|
    |b_reg_397                          |   9|          2|   32|         64|
    |c_1_reg_500                        |   9|          2|   32|         64|
    |c_reg_386                          |   9|          2|   32|         64|
    |d1_reg_365                         |   9|          2|   32|         64|
    |d_1_reg_477                        |   9|          2|   32|         64|
    |d_2_reg_488                        |   9|          2|   32|         64|
    |d_reg_375                          |   9|          2|   32|         64|
    |f_1_reg_419                        |   9|          2|   32|         64|
    |f_reg_354                          |   9|          2|   32|         64|
    |g_1_reg_464                        |   9|          2|   32|         64|
    |g_reg_343                          |   9|          2|   32|         64|
    |h1_reg_408                         |   9|          2|   32|         64|
    |h_1_reg_513                        |   9|          2|   32|         64|
    |h_2_reg_453                        |   9|          2|   32|         64|
    |h_reg_333                          |   9|          2|   32|         64|
    |i_1_reg_430                        |   9|          2|    7|         14|
    |sha256_buf_address0                |  15|          3|    6|         18|
    |sha256_buf_address1                |  15|          3|    6|         18|
    |x_assign_reg_321                   |   9|          2|    5|         10|
    +-----------------------------------+----+-----------+-----+-----------+
    |Total                              | 329|         70|  569|       1187|
    +-----------------------------------+----+-----------+-----+-----------+

    * Register: 
    +---------------------------------+----+----+-----+-----------+
    |               Name              | FF | LUT| Bits| Const Bits|
    +---------------------------------+----+----+-----+-----------+
    |K_load_reg_1498                  |  32|   0|   32|          0|
    |W_load_reg_1542                  |  32|   0|   32|          0|
    |ap_CS_fsm                        |   8|   0|    8|          0|
    |ap_enable_reg_pp0_iter0          |   1|   0|    1|          0|
    |ap_enable_reg_pp0_iter1          |   1|   0|    1|          0|
    |ap_enable_reg_pp1_iter0          |   1|   0|    1|          0|
    |ap_enable_reg_pp1_iter1          |   1|   0|    1|          0|
    |b_1_reg_442                      |  32|   0|   32|          0|
    |b_reg_397                        |  32|   0|   32|          0|
    |c_1_reg_500                      |  32|   0|   32|          0|
    |c_reg_386                        |  32|   0|   32|          0|
    |d1_reg_365                       |  32|   0|   32|          0|
    |d_1_reg_477                      |  32|   0|   32|          0|
    |d_2_reg_488                      |  32|   0|   32|          0|
    |d_reg_375                        |  32|   0|   32|          0|
    |exitcond_reg_1528                |   1|   0|    1|          0|
    |exitcond_reg_1528_pp1_iter1_reg  |   1|   0|    1|          0|
    |f_1_reg_419                      |  32|   0|   32|          0|
    |f_reg_354                        |  32|   0|   32|          0|
    |g_1_reg_464                      |  32|   0|   32|          0|
    |g_reg_343                        |  32|   0|   32|          0|
    |h1_reg_408                       |  32|   0|   32|          0|
    |h_1_reg_513                      |  32|   0|   32|          0|
    |h_2_reg_453                      |  32|   0|   32|          0|
    |h_reg_333                        |  32|   0|   32|          0|
    |i_1_reg_430                      |   7|   0|    7|          0|
    |i_5_reg_1562                     |   7|   0|    7|          0|
    |i_reg_1473                       |   5|   0|    5|          0|
    |reg_525                          |  32|   0|   32|          0|
    |sha256_buf_load_1_reg_1483       |   8|   0|    8|          0|
    |sha256_buf_load_reg_1478         |   8|   0|    8|          0|
    |tmp14_reg_1557                   |  32|   0|   32|          0|
    |tmp19_reg_1582                   |  32|   0|   32|          0|
    |tmp5_reg_1508                    |  32|   0|   32|          0|
    |tmp7_reg_1513                    |  32|   0|   32|          0|
    |tmp_105_i_reg_1503               |  32|   0|   32|          0|
    |tmp_26_reg_1463                  |   5|   0|   64|         59|
    |tmp_40_reg_1567                  |  32|   0|   32|          0|
    |tmp_43_reg_1572                  |   7|   0|   64|         57|
    |tmp_44_reg_1587                  |  32|   0|   32|          0|
    |tmp_i_reg_1447                   |   4|   0|    6|          2|
    |tmp_reg_1443                     |   1|   0|    1|          0|
    |tmp_reg_1443_pp0_iter1_reg       |   1|   0|    1|          0|
    |x_assign_reg_321                 |   5|   0|    5|          0|
    +---------------------------------+----+----+-----+-----------+
    |Total                            | 904|   0| 1022|        118|
    +---------------------------------+----+----+-----+-----------+



================================================================
== Interface
================================================================
* Summary: 
+---------------------+-----+-----+------------+-------------------+--------------+
|      RTL Ports      | Dir | Bits|  Protocol  |   Source Object   |    C Type    |
+---------------------+-----+-----+------------+-------------------+--------------+
|ap_clk               |  in |    1| ap_ctrl_hs |       _hash       | return value |
|ap_rst               |  in |    1| ap_ctrl_hs |       _hash       | return value |
|ap_start             |  in |    1| ap_ctrl_hs |       _hash       | return value |
|ap_done              | out |    1| ap_ctrl_hs |       _hash       | return value |
|ap_idle              | out |    1| ap_ctrl_hs |       _hash       | return value |
|ap_ready             | out |    1| ap_ctrl_hs |       _hash       | return value |
|ap_return_0          | out |   32| ap_ctrl_hs |       _hash       | return value |
|ap_return_1          | out |   32| ap_ctrl_hs |       _hash       | return value |
|ap_return_2          | out |   32| ap_ctrl_hs |       _hash       | return value |
|ap_return_3          | out |   32| ap_ctrl_hs |       _hash       | return value |
|ap_return_4          | out |   32| ap_ctrl_hs |       _hash       | return value |
|ap_return_5          | out |   32| ap_ctrl_hs |       _hash       | return value |
|ap_return_6          | out |   32| ap_ctrl_hs |       _hash       | return value |
|ap_return_7          | out |   32| ap_ctrl_hs |       _hash       | return value |
|sha256_buf_address0  | out |    6|  ap_memory |     sha256_buf    |     array    |
|sha256_buf_ce0       | out |    1|  ap_memory |     sha256_buf    |     array    |
|sha256_buf_q0        |  in |    8|  ap_memory |     sha256_buf    |     array    |
|sha256_buf_address1  | out |    6|  ap_memory |     sha256_buf    |     array    |
|sha256_buf_ce1       | out |    1|  ap_memory |     sha256_buf    |     array    |
|sha256_buf_q1        |  in |    8|  ap_memory |     sha256_buf    |     array    |
|sha256hash_0_read    |  in |   32|   ap_none  | sha256hash_0_read |    scalar    |
|sha256hash_1_read    |  in |   32|   ap_none  | sha256hash_1_read |    scalar    |
|sha256hash_2_read    |  in |   32|   ap_none  | sha256hash_2_read |    scalar    |
|sha256hash_3_read    |  in |   32|   ap_none  | sha256hash_3_read |    scalar    |
|sha256hash_4_read    |  in |   32|   ap_none  | sha256hash_4_read |    scalar    |
|sha256hash_5_read    |  in |   32|   ap_none  | sha256hash_5_read |    scalar    |
|sha256hash_6_read    |  in |   32|   ap_none  | sha256hash_6_read |    scalar    |
|sha256hash_7_read    |  in |   32|   ap_none  | sha256hash_7_read |    scalar    |
+---------------------+-----+-----+------------+-------------------+--------------+

