

================================================================
== Vivado HLS Report for 'sha256'
================================================================
* Date:           Sat Feb 20 20:54:13 2021

* Version:        2018.3 (Build 2405991 on Thu Dec 06 23:56:15 MST 2018)
* Project:        sha256_hls
* Solution:       solution1
* Product family: zynq
* Target device:  xc7z020clg400-1


================================================================
== Performance Estimates
================================================================
+ Timing (ns): 
    * Summary: 
    +--------+-------+----------+------------+
    |  Clock | Target| Estimated| Uncertainty|
    +--------+-------+----------+------------+
    |ap_clk  |  10.00|     8.750|        1.25|
    +--------+-------+----------+------------+

+ Latency (clock cycles): 
    * Summary: 
    +-----+------+-----+------+---------+
    |   Latency  |  Interval  | Pipeline|
    | min |  max | min |  max |   Type  |
    +-----+------+-----+------+---------+
    |  191|  6762|  191|  6762|   none  |
    +-----+------+-----+------+---------+

    + Detail: 
        * Instance: 
        +-----------------------+-------------+-----+------+-----+------+---------+
        |                       |             |   Latency  |  Interval  | Pipeline|
        |        Instance       |    Module   | min |  max | min |  max |   Type  |
        +-----------------------+-------------+-----+------+-----+------+---------+
        |grp_sha256_done_fu_72  |sha256_done  |  121|   292|  121|   292|   none  |
        |grp_sha256_hash_fu_90  |sha256_hash  |    2|  6402|    2|  6402|   none  |
        +-----------------------+-------------+-----+------+-----+------+---------+

        * Loop: 
        +---------------------+-----+-----+----------+-----------+-----------+------+----------+
        |                     |  Latency  | Iteration|  Initiation Interval  | Trip |          |
        |      Loop Name      | min | max |  Latency |  achieved |   target  | Count| Pipelined|
        +---------------------+-----+-----+----------+-----------+-----------+------+----------+
        |- memset_sha256_buf  |   63|   63|         1|          -|          -|    64|    no    |
        +---------------------+-----+-----+----------+-----------+-----------+------+----------+



================================================================
== Utilization Estimates
================================================================
* Summary: 
+-----------------+---------+-------+--------+-------+
|       Name      | BRAM_18K| DSP48E|   FF   |  LUT  |
+-----------------+---------+-------+--------+-------+
|DSP              |        -|      -|       -|      -|
|Expression       |        -|      -|       0|     26|
|FIFO             |        -|      -|       -|      -|
|Instance         |        0|      -|   21769|  46350|
|Memory           |        1|      -|       0|      0|
|Multiplexer      |        -|      -|       -|    170|
|Register         |        -|      -|     366|      -|
+-----------------+---------+-------+--------+-------+
|Total            |        1|      0|   22135|  46546|
+-----------------+---------+-------+--------+-------+
|Available        |      280|    220|  106400|  53200|
+-----------------+---------+-------+--------+-------+
|Utilization (%)  |    ~0   |      0|      20|     87|
+-----------------+---------+-------+--------+-------+

+ Detail: 
    * Instance: 
    +-----------------------+-------------+---------+-------+-------+-------+
    |        Instance       |    Module   | BRAM_18K| DSP48E|   FF  |  LUT  |
    +-----------------------+-------------+---------+-------+-------+-------+
    |grp_sha256_done_fu_72  |sha256_done  |        0|      0|  11056|  24043|
    |grp_sha256_hash_fu_90  |sha256_hash  |        0|      0|  10713|  22307|
    +-----------------------+-------------+---------+-------+-------+-------+
    |Total                  |             |        0|      0|  21769|  46350|
    +-----------------------+-------------+---------+-------+-------+-------+

    * DSP48: 
    N/A

    * Memory: 
    +--------------+-------------------+---------+---+----+------+-----+------+-------------+
    |    Memory    |       Module      | BRAM_18K| FF| LUT| Words| Bits| Banks| W*Bits*Banks|
    +--------------+-------------------+---------+---+----+------+-----+------+-------------+
    |sha256_buf_U  |sha256_sha256_buf  |        1|  0|   0|    64|    8|     1|          512|
    +--------------+-------------------+---------+---+----+------+-----+------+-------------+
    |Total         |                   |        1|  0|   0|    64|    8|     1|          512|
    +--------------+-------------------+---------+---+----+------+-----+------+-------------+

    * FIFO: 
    N/A

    * Expression: 
    +--------------------+----------+-------+---+----+------------+------------+
    |    Variable Name   | Operation| DSP48E| FF| LUT| Bitwidth P0| Bitwidth P1|
    +--------------------+----------+-------+---+----+------------+------------+
    |indvarinc_fu_98_p2  |     +    |      0|  0|  15|           6|           1|
    |tmp_s_fu_109_p2     |   icmp   |      0|  0|  11|           6|           2|
    +--------------------+----------+-------+---+----+------------+------------+
    |Total               |          |      0|  0|  26|          12|           3|
    +--------------------+----------+-------+---+----+------------+------------+

    * Multiplexer: 
    +---------------------+----+-----------+-----+-----------+
    |         Name        | LUT| Input Size| Bits| Total Bits|
    +---------------------+----+-----------+-----+-----------+
    |ap_NS_fsm            |  38|          7|    1|          7|
    |invdar_reg_61        |   9|          2|    6|         12|
    |sha256_buf_address0  |  21|          4|    6|         24|
    |sha256_buf_address1  |  15|          3|    6|         18|
    |sha256_buf_ce0       |  21|          4|    1|          4|
    |sha256_buf_ce1       |  15|          3|    1|          3|
    |sha256_buf_d0        |  21|          4|    8|         32|
    |sha256_buf_we0       |  21|          4|    1|          4|
    |sha256_buf_we1       |   9|          2|    1|          2|
    +---------------------+----+-----------+-----+-----------+
    |Total                | 170|         33|   31|        106|
    +---------------------+----+-----------+-----+-----------+

    * Register: 
    +------------------------------------+----+----+-----+-----------+
    |                Name                | FF | LUT| Bits| Const Bits|
    +------------------------------------+----+----+-----+-----------+
    |ap_CS_fsm                           |   6|   0|    6|          0|
    |grp_sha256_done_fu_72_ap_start_reg  |   1|   0|    1|          0|
    |grp_sha256_hash_fu_90_ap_start_reg  |   1|   0|    1|          0|
    |invdar_reg_61                       |   6|   0|    6|          0|
    |sha256_bits_0_reg_222               |  32|   0|   32|          0|
    |sha256_bits_1_reg_172               |  32|   0|   32|          0|
    |sha256_len_0_reg_177                |  32|   0|   32|          0|
    |sha256hash_0_reg_182                |  32|   0|   32|          0|
    |sha256hash_1_reg_187                |  32|   0|   32|          0|
    |sha256hash_2_reg_192                |  32|   0|   32|          0|
    |sha256hash_3_reg_197                |  32|   0|   32|          0|
    |sha256hash_4_reg_202                |  32|   0|   32|          0|
    |sha256hash_5_reg_207                |  32|   0|   32|          0|
    |sha256hash_6_reg_212                |  32|   0|   32|          0|
    |sha256hash_7_reg_217                |  32|   0|   32|          0|
    +------------------------------------+----+----+-----+-----------+
    |Total                               | 366|   0|  366|          0|
    +------------------------------------+----+----+-----+-----------+



================================================================
== Interface
================================================================
* Summary: 
+---------------+-----+-----+------------+--------------+--------------+
|   RTL Ports   | Dir | Bits|  Protocol  | Source Object|    C Type    |
+---------------+-----+-----+------------+--------------+--------------+
|ap_clk         |  in |    1| ap_ctrl_hs |    sha256    | return value |
|ap_rst         |  in |    1| ap_ctrl_hs |    sha256    | return value |
|ap_start       |  in |    1| ap_ctrl_hs |    sha256    | return value |
|ap_done        | out |    1| ap_ctrl_hs |    sha256    | return value |
|ap_idle        | out |    1| ap_ctrl_hs |    sha256    | return value |
|ap_ready       | out |    1| ap_ctrl_hs |    sha256    | return value |
|msg_address0   | out |    6|  ap_memory |      msg     |     array    |
|msg_ce0        | out |    1|  ap_memory |      msg     |     array    |
|msg_q0         |  in |    8|  ap_memory |      msg     |     array    |
|len            |  in |   32|   ap_none  |      len     |    scalar    |
|hash_address0  | out |    5|  ap_memory |     hash     |     array    |
|hash_ce0       | out |    1|  ap_memory |     hash     |     array    |
|hash_we0       | out |    1|  ap_memory |     hash     |     array    |
|hash_d0        | out |    8|  ap_memory |     hash     |     array    |
|hash_address1  | out |    5|  ap_memory |     hash     |     array    |
|hash_ce1       | out |    1|  ap_memory |     hash     |     array    |
|hash_we1       | out |    1|  ap_memory |     hash     |     array    |
|hash_d1        | out |    8|  ap_memory |     hash     |     array    |
+---------------+-----+-----+------------+--------------+--------------+

