

================================================================
== Vivado HLS Report for 'p_G1'
================================================================
* Date:           Sat Feb 20 20:53:43 2021

* Version:        2018.3 (Build 2405991 on Thu Dec 06 23:56:15 MST 2018)
* Project:        sha256_hls
* Solution:       solution1
* Product family: zynq
* Target device:  xc7z020clg400-1


================================================================
== Performance Estimates
================================================================
+ Timing (ns): 
    * Summary: 
    +--------+-------+----------+------------+
    |  Clock | Target| Estimated| Uncertainty|
    +--------+-------+----------+------------+
    |ap_clk  |  10.00|     0.993|        1.25|
    +--------+-------+----------+------------+

+ Latency (clock cycles): 
    * Summary: 
    +-----+-----+-----+-----+----------+
    |  Latency  |  Interval | Pipeline |
    | min | max | min | max |   Type   |
    +-----+-----+-----+-----+----------+
    |    0|    0|    1|    1| function |
    +-----+-----+-----+-----+----------+

    + Detail: 
        * Instance: 
        N/A

        * Loop: 
        N/A

============================================================
+ Verbose Summary: Synthesis Manager
============================================================
InlineROM: 1
ExposeGlobal: 0
============================================================
+ Verbose Summary: CDFG Model
============================================================
IsTopModel: 0
ResetActiveHigh: 1
IsCombinational: 0
IsDatapathOnly: 0
HasWiredReturn: 1
HasMFsm: 2
HasVarLatency: 0
IsPipeline: 1
IsRtlPipelined: 0
IsInstanceOverlapped: 0
IsDontTouch: 0
HasImplIP: 0
IsGatedGlobalClock: 0

+ Individual pipeline summary: 
  * Pipeline-0: initiation interval (II) = 1, depth = 1


============================================================
+ Verbose Summary: Schedule
============================================================
* Number of FSM states : 1
* Pipeline : 1
  Pipeline-0 : II = 1, D = 1, States = { 1 }
* Dataflow Pipeline: 0

* FSM state transitions: 
1 --> 

* FSM state operations: 

State 1 <SV = 0> <Delay = 0.99>
ST_1 : Operation 2 [1/1] (0.00ns)   --->   "%x_read = call i32 @_ssdm_op_Read.ap_auto.i32(i32 %x) nounwind" [src/sha256.c:55]   --->   Operation 2 'read' 'x_read' <Predicate = true> <Delay = 0.00>
ST_1 : Operation 3 [1/1] (0.00ns) (grouped into LUT with out node tmp_39)   --->   "%tmp_i = call i15 @_ssdm_op_PartSelect.i15.i32.i32.i32(i32 %x_read, i32 17, i32 31)" [src/sha256.c:21->src/sha256.c:57]   --->   Operation 3 'partselect' 'tmp_i' <Predicate = true> <Delay = 0.00>
ST_1 : Operation 4 [1/1] (0.00ns) (grouped into LUT with out node tmp_39)   --->   "%tmp_371 = trunc i32 %x_read to i17" [src/sha256.c:55]   --->   Operation 4 'trunc' 'tmp_371' <Predicate = true> <Delay = 0.00>
ST_1 : Operation 5 [1/1] (0.00ns) (grouped into LUT with out node tmp_39)   --->   "%tmp_49_i = call i32 @_ssdm_op_BitConcatenate.i32.i17.i15(i17 %tmp_371, i15 %tmp_i)" [src/sha256.c:21->src/sha256.c:57]   --->   Operation 5 'bitconcatenate' 'tmp_49_i' <Predicate = true> <Delay = 0.00>
ST_1 : Operation 6 [1/1] (0.00ns) (grouped into LUT with out node tmp_39)   --->   "%tmp_i1 = call i13 @_ssdm_op_PartSelect.i13.i32.i32.i32(i32 %x_read, i32 19, i32 31)" [src/sha256.c:21->src/sha256.c:57]   --->   Operation 6 'partselect' 'tmp_i1' <Predicate = true> <Delay = 0.00>
ST_1 : Operation 7 [1/1] (0.00ns) (grouped into LUT with out node tmp_39)   --->   "%tmp_372 = trunc i32 %x_read to i19" [src/sha256.c:55]   --->   Operation 7 'trunc' 'tmp_372' <Predicate = true> <Delay = 0.00>
ST_1 : Operation 8 [1/1] (0.00ns) (grouped into LUT with out node tmp_39)   --->   "%tmp_49_i3 = call i32 @_ssdm_op_BitConcatenate.i32.i19.i13(i19 %tmp_372, i13 %tmp_i1)" [src/sha256.c:21->src/sha256.c:57]   --->   Operation 8 'bitconcatenate' 'tmp_49_i3' <Predicate = true> <Delay = 0.00>
ST_1 : Operation 9 [1/1] (0.00ns) (grouped into LUT with out node tmp_39)   --->   "%tmp_s = call i22 @_ssdm_op_PartSelect.i22.i32.i32.i32(i32 %x_read, i32 10, i32 31)" [src/sha256.c:57]   --->   Operation 9 'partselect' 'tmp_s' <Predicate = true> <Delay = 0.00>
ST_1 : Operation 10 [1/1] (0.00ns) (grouped into LUT with out node tmp_39)   --->   "%tmp_38 = zext i22 %tmp_s to i32" [src/sha256.c:57]   --->   Operation 10 'zext' 'tmp_38' <Predicate = true> <Delay = 0.00>
ST_1 : Operation 11 [1/1] (0.00ns) (grouped into LUT with out node tmp_39)   --->   "%tmp = xor i32 %tmp_38, %tmp_49_i3" [src/sha256.c:57]   --->   Operation 11 'xor' 'tmp' <Predicate = true> <Delay = 0.00> <Core = "LogicGate">   --->   Core 27 'LogicGate' <Latency = 0> <II = 1> <Delay = 0.99> <FuncUnit> <Opcode : 'and' 'or' 'xor'> <InPorts = 2> <OutPorts = 1>
ST_1 : Operation 12 [1/1] (0.99ns) (out node of the LUT)   --->   "%tmp_39 = xor i32 %tmp, %tmp_49_i" [src/sha256.c:57]   --->   Operation 12 'xor' 'tmp_39' <Predicate = true> <Delay = 0.99> <Core = "LogicGate">   --->   Core 27 'LogicGate' <Latency = 0> <II = 1> <Delay = 0.99> <FuncUnit> <Opcode : 'and' 'or' 'xor'> <InPorts = 2> <OutPorts = 1>
ST_1 : Operation 13 [1/1] (0.00ns)   --->   "ret i32 %tmp_39" [src/sha256.c:57]   --->   Operation 13 'ret' <Predicate = true> <Delay = 0.00>


============================================================
+ Verbose Summary: Timing violations
============================================================
Target clock period: 10ns, clock uncertainty: 1.25ns.

 <State 1>: 0.993ns
The critical path consists of the following:
	wire read on port 'x' (src/sha256.c:55) [2]  (0 ns)
	'xor' operation ('tmp', src/sha256.c:57) [11]  (0 ns)
	'xor' operation ('tmp_39', src/sha256.c:57) [12]  (0.993 ns)


============================================================
+ Verbose Summary: Binding
============================================================
N/A
* FSMD analyzer results:
  - Output states:
 - Input state : 
  - Chain level:
	State 1


============================================================
+ Verbose Summary: Datapath Resource usage 
============================================================
N/A
